[31Dez.2025 21:42:12.915] [main/INFO] [net.neoforged.fml.startup.Entrypoint/]: JVM Uptime at startup: 109ms
[31Dez.2025 21:42:12.928] [main/INFO] [net.neoforged.fml.loading.FMLLoader/]: Starting FancyModLoader version 10.0.32 (CLIENT in DEV)
[31Dez.2025 21:42:12.929] [main/INFO] [net.neoforged.fml.loading.FMLLoader/]: Game directory: T:\MyModsCode\saros-fakename.fork\1.21.10 NeoForge\runs\client
[31Dez.2025 21:42:12.930] [main/DEBUG] [net.neoforged.fml.loading.FMLPaths/CORE]: Path GAMEDIR is T:\MyModsCode\saros-fakename.fork\1.21.10 NeoForge\runs\client
[31Dez.2025 21:42:12.931] [main/DEBUG] [net.neoforged.fml.loading.FMLPaths/CORE]: Path JIJ_CACHEDIR is T:\MyModsCode\saros-fakename.fork\1.21.10 NeoForge\runs\client\.cache\jij
[31Dez.2025 21:42:12.932] [main/DEBUG] [net.neoforged.fml.loading.FMLPaths/CORE]: Path MODSDIR is T:\MyModsCode\saros-fakename.fork\1.21.10 NeoForge\runs\client\mods
[31Dez.2025 21:42:12.932] [main/DEBUG] [net.neoforged.fml.loading.FMLPaths/CORE]: Path CONFIGDIR is T:\MyModsCode\saros-fakename.fork\1.21.10 NeoForge\runs\client\config
[31Dez.2025 21:42:12.932] [main/DEBUG] [net.neoforged.fml.loading.FMLPaths/CORE]: Path FMLCONFIG is T:\MyModsCode\saros-fakename.fork\1.21.10 NeoForge\runs\client\config\fml.toml
[31Dez.2025 21:42:12.969] [ForkJoinPool.commonPool-worker-4/DEBUG] [net.neoforged.fml.loading.EarlyServiceDiscovery/]: C:\Users\saroc\.gradle\caches\modules-2\files-2.1\net.neoforged.fancymodloader\loader\10.0.32\ef0364b1413d96932ddf4b4dc4a5660a4d861b5b\loader-10.0.32.jar contains early service net.neoforged.neoforgespi.locating.IModFileReader
[31Dez.2025 21:42:12.969] [ForkJoinPool.commonPool-worker-9/DEBUG] [net.neoforged.fml.loading.EarlyServiceDiscovery/]: C:\Users\saroc\.gradle\caches\modules-2\files-2.1\net.neoforged.fancymodloader\earlydisplay\10.0.32\1ca2e62504996c417c19e740513f8d09b880359e\earlydisplay-10.0.32.jar contains early service net.neoforged.neoforgespi.earlywindow.ImmediateWindowProvider
[31Dez.2025 21:42:12.980] [ForkJoinPool.commonPool-worker-4/DEBUG] [net.neoforged.fml.loading.moddiscovery.ModFile/LOADING]: Loading mod file C:\Users\saroc\.gradle\caches\modules-2\files-2.1\net.neoforged.fancymodloader\loader\10.0.32\ef0364b1413d96932ddf4b4dc4a5660a4d861b5b\loader-10.0.32.jar with languages []
[31Dez.2025 21:42:12.980] [ForkJoinPool.commonPool-worker-9/DEBUG] [net.neoforged.fml.loading.moddiscovery.ModFile/LOADING]: Loading mod file C:\Users\saroc\.gradle\caches\modules-2\files-2.1\net.neoforged.fancymodloader\earlydisplay\10.0.32\1ca2e62504996c417c19e740513f8d09b880359e\earlydisplay-10.0.32.jar with languages []
[31Dez.2025 21:42:12.981] [main/INFO] [net.neoforged.fml.loading.EarlyServiceDiscovery/]: Found 2 early service jars (out of 118) in 23ms
[31Dez.2025 21:42:12.982] [main/INFO] [net.neoforged.fml.loading.FMLLoader/]: Loading FML Early Services:
[31Dez.2025 21:42:12.983] [main/INFO] [net.neoforged.fml.loading.FMLLoader/]:  - C:/Users/saroc/.gradle/caches/modules-2/files-2.1/net.neoforged.fancymodloader/loader/10.0.32/ef0364b1413d96932ddf4b4dc4a5660a4d861b5b/loader-10.0.32.jar
[31Dez.2025 21:42:12.983] [main/INFO] [net.neoforged.fml.loading.FMLLoader/]:  - C:/Users/saroc/.gradle/caches/modules-2/files-2.1/net.neoforged.fancymodloader/earlydisplay/10.0.32/1ca2e62504996c417c19e740513f8d09b880359e/earlydisplay-10.0.32.jar
[31Dez.2025 21:42:12.988] [main/DEBUG] [net.neoforged.fml.util.ServiceLoaderUtil/CORE]: Found 0 implementations of GraphicsBootstrapper:
[31Dez.2025 21:42:12.989] [main/INFO] [net.neoforged.fml.loading.ImmediateWindowHandler/]: Loading ImmediateWindowProvider fmlearlywindow
[31Dez.2025 21:42:12.994] [main/DEBUG] [net.neoforged.fml.util.ServiceLoaderUtil/CORE]: Found 1 implementations of ImmediateWindowProvider:
[31Dez.2025 21:42:12.994] [main/DEBUG] [net.neoforged.fml.util.ServiceLoaderUtil/CORE]: 	net.neoforged.fml.earlydisplay.DisplayWindow from C:/Users/saroc/.gradle/caches/modules-2/files-2.1/net.neoforged.fancymodloader/earlydisplay/10.0.32/1ca2e62504996c417c19e740513f8d09b880359e/earlydisplay-10.0.32.jar
[31Dez.2025 21:42:13.033] [main/DEBUG] [net.neoforged.fml.earlydisplay.theme.ThemeLoader/]: Loading built-in theme default
[31Dez.2025 21:42:13.391] [ForkJoinPool.commonPool-worker-7/DEBUG] [net.neoforged.fml.util.ServiceLoaderUtil/CORE]: Found 4 implementations of IModFileCandidateLocator:
[31Dez.2025 21:42:13.392] [ForkJoinPool.commonPool-worker-7/DEBUG] [net.neoforged.fml.util.ServiceLoaderUtil/CORE]: 	    1000 - [built-in] net.neoforged.fml.loading.moddiscovery.locators.GameLocator from C:/Users/saroc/.gradle/caches/modules-2/files-2.1/net.neoforged.fancymodloader/loader/10.0.32/ef0364b1413d96932ddf4b4dc4a5660a4d861b5b/loader-10.0.32.jar
[31Dez.2025 21:42:13.393] [ForkJoinPool.commonPool-worker-7/DEBUG] [net.neoforged.fml.util.ServiceLoaderUtil/CORE]: 	    1000 - [built-in] net.neoforged.fml.loading.moddiscovery.locators.InDevFolderLocator from C:/Users/saroc/.gradle/caches/modules-2/files-2.1/net.neoforged.fancymodloader/loader/10.0.32/ef0364b1413d96932ddf4b4dc4a5660a4d861b5b/loader-10.0.32.jar
[31Dez.2025 21:42:13.394] [ForkJoinPool.commonPool-worker-7/DEBUG] [net.neoforged.fml.util.ServiceLoaderUtil/CORE]: 	    1000 - [built-in] net.neoforged.fml.loading.moddiscovery.locators.InDevJarLocator from C:/Users/saroc/.gradle/caches/modules-2/files-2.1/net.neoforged.fancymodloader/loader/10.0.32/ef0364b1413d96932ddf4b4dc4a5660a4d861b5b/loader-10.0.32.jar
[31Dez.2025 21:42:13.394] [ForkJoinPool.commonPool-worker-7/DEBUG] [net.neoforged.fml.util.ServiceLoaderUtil/CORE]: 	       0 - [built-in] net.neoforged.fml.loading.moddiscovery.locators.ModsFolderLocator from C:/Users/saroc/.gradle/caches/modules-2/files-2.1/net.neoforged.fancymodloader/loader/10.0.32/ef0364b1413d96932ddf4b4dc4a5660a4d861b5b/loader-10.0.32.jar
[31Dez.2025 21:42:13.396] [ForkJoinPool.commonPool-worker-7/DEBUG] [net.neoforged.fml.util.ServiceLoaderUtil/CORE]: Found 2 implementations of IModFileReader:
[31Dez.2025 21:42:13.397] [ForkJoinPool.commonPool-worker-7/DEBUG] [net.neoforged.fml.util.ServiceLoaderUtil/CORE]: 	       0 - net.neoforged.fml.loading.moddiscovery.readers.JarModsDotTomlModFileReader from C:/Users/saroc/.gradle/caches/modules-2/files-2.1/net.neoforged.fancymodloader/loader/10.0.32/ef0364b1413d96932ddf4b4dc4a5660a4d861b5b/loader-10.0.32.jar
[31Dez.2025 21:42:13.397] [ForkJoinPool.commonPool-worker-7/DEBUG] [net.neoforged.fml.util.ServiceLoaderUtil/CORE]: 	   -1000 - net.neoforged.fml.loading.moddiscovery.readers.NestedLibraryModReader from C:/Users/saroc/.gradle/caches/modules-2/files-2.1/net.neoforged.fancymodloader/loader/10.0.32/ef0364b1413d96932ddf4b4dc4a5660a4d861b5b/loader-10.0.32.jar
[31Dez.2025 21:42:13.399] [ForkJoinPool.commonPool-worker-7/DEBUG] [net.neoforged.fml.util.ServiceLoaderUtil/CORE]: Found 1 implementations of IDependencyLocator:
[31Dez.2025 21:42:13.400] [ForkJoinPool.commonPool-worker-7/DEBUG] [net.neoforged.fml.util.ServiceLoaderUtil/CORE]: 	       0 - net.neoforged.fml.loading.moddiscovery.locators.JarInJarDependencyLocator from C:/Users/saroc/.gradle/caches/modules-2/files-2.1/net.neoforged.fancymodloader/loader/10.0.32/ef0364b1413d96932ddf4b4dc4a5660a4d861b5b/loader-10.0.32.jar
[31Dez.2025 21:42:13.449] [ForkJoinPool.commonPool-worker-7/DEBUG] [net.neoforged.fml.loading.moddiscovery.locators.RequiredSystemFiles/]: Found NeoForge MANIFEST.MF in jar(T:/MyModsCode/saros-fakename.fork/1.21.10 NeoForge/.gradle/repositories/ng_dummy_ng/net/neoforged/neoforge/21.10.64/neoforge-21.10.64.jar)
[31Dez.2025 21:42:13.453] [ForkJoinPool.commonPool-worker-7/INFO] [net.neoforged.fml.loading.moddiscovery.locators.GameLocator/]: Detected a joined NeoForge and Minecraft configuration. Applying filtering...
[31Dez.2025 21:42:13.524] [ForkJoinPool.commonPool-worker-7/DEBUG] [net.neoforged.fml.loading.moddiscovery.ModFileInfo/LOADING]: Found valid mod file client-1.21.10-client-extra.jar with {minecraft} mods - versions {1.21.10}
[31Dez.2025 21:42:13.528] [ForkJoinPool.commonPool-worker-7/DEBUG] [net.neoforged.fml.loading.moddiscovery.ModFile/LOADING]: Loading mod file T:\MyModsCode\saros-fakename.fork\1.21.10 NeoForge\.gradle\repositories\ng_dummy_ng\net\minecraft\client\1.21.10\client-1.21.10-client-extra.jar with languages [LanguageSpec[languageName=minecraft, acceptedVersions=1]]
[31Dez.2025 21:42:13.530] [ForkJoinPool.commonPool-worker-7/DEBUG] [net.neoforged.fml.loading.moddiscovery.ModFileParser/LOADING]: Considering mod file candidate T:\MyModsCode\saros-fakename.fork\1.21.10 NeoForge\.gradle\repositories\ng_dummy_ng\net\neoforged\neoforge\21.10.64\neoforge-21.10.64.jar
[31Dez.2025 21:42:13.630] [ForkJoinPool.commonPool-worker-7/DEBUG] [net.neoforged.fml.loading.moddiscovery.ModFileInfo/LOADING]: Found valid mod file neoforge-21.10.64.jar with {neoforge} mods - versions {21.10.64}
[31Dez.2025 21:42:13.630] [ForkJoinPool.commonPool-worker-7/DEBUG] [net.neoforged.fml.loading.moddiscovery.ModFile/LOADING]: Loading mod file T:\MyModsCode\saros-fakename.fork\1.21.10 NeoForge\.gradle\repositories\ng_dummy_ng\net\neoforged\neoforge\21.10.64\neoforge-21.10.64.jar with languages [LanguageSpec[languageName=javafml, acceptedVersions=[3,]]]
[31Dez.2025 21:42:13.635] [ForkJoinPool.commonPool-worker-7/DEBUG] [net.neoforged.fml.loading.moddiscovery.ModFile/LOADING]: Found mixin config MixinConfig[config=neoforge.mixins.json, requiredMods=[], behaviorVersion=null]
[31Dez.2025 21:42:13.637] [ForkJoinPool.commonPool-worker-7/INFO] [net.neoforged.fml.loading.moddiscovery.locators.InDevFolderLocator/CORE]: Got mod coordinates fakename%%T:\MyModsCode\saros-fakename.fork\1.21.10 NeoForge\build\resources\main;fakename%%T:\MyModsCode\saros-fakename.fork\1.21.10 NeoForge\build\classes\java\main from env
[31Dez.2025 21:42:13.643] [ForkJoinPool.commonPool-worker-7/DEBUG] [net.neoforged.fml.loading.moddiscovery.ModFileParser/LOADING]: Considering mod file candidate T:\MyModsCode\saros-fakename.fork\1.21.10 NeoForge\build\resources\main
[31Dez.2025 21:42:13.654] [ForkJoinPool.commonPool-worker-7/DEBUG] [net.neoforged.fml.loading.moddiscovery.ModFileInfo/LOADING]: Found valid mod file main with {fakename} mods - versions {0.0NONE}
[31Dez.2025 21:42:13.654] [ForkJoinPool.commonPool-worker-7/DEBUG] [net.neoforged.fml.loading.moddiscovery.ModFile/LOADING]: Loading mod file T:\MyModsCode\saros-fakename.fork\1.21.10 NeoForge\build\resources\main with languages [LanguageSpec[languageName=javafml, acceptedVersions=[1,)]]
[31Dez.2025 21:42:13.655] [ForkJoinPool.commonPool-worker-7/DEBUG] [net.neoforged.fml.loading.moddiscovery.ModFile/LOADING]: Found mixin config MixinConfig[config=fakename.mixins.json, requiredMods=[], behaviorVersion=null]
[31Dez.2025 21:42:13.657] [ForkJoinPool.commonPool-worker-7/DEBUG] [net.neoforged.fml.loading.moddiscovery.ModDiscoverer/]: Skipping T:\MyModsCode\saros-fakename.fork\1.21.10 NeoForge\.gradle\repositories\ng_dummy_ng\net\neoforged\neoforge\21.10.64\neoforge-21.10.64.jar because it was already located earlier
[31Dez.2025 21:42:13.680] [ForkJoinPool.commonPool-worker-7/DEBUG] [net.neoforged.fml.loading.moddiscovery.ModFile/LOADING]: Loading mod file C:\Users\saroc\.gradle\caches\modules-2\files-2.1\io.github.llamalad7\mixinextras-neoforge\0.5.0\d734b83ce6542bb70ea31755c1595b88992dbe65\mixinextras-neoforge-0.5.0.jar with languages []
[31Dez.2025 21:42:13.763] [ForkJoinPool.commonPool-worker-7/DEBUG] [net.neoforged.fml.loading.moddiscovery.ModFile/LOADING]: Loading mod file T:\MyModsCode\saros-fakename.fork\1.21.10 NeoForge\runs\client\.cache\jij\9c617719248f8b89847348fc7ea5e705739c147ae5e172551264d225bc9f2507\mixinextras-neoforge-0.5.0.jar with languages []
[31Dez.2025 21:42:13.765] [ForkJoinPool.commonPool-worker-7/DEBUG] [net.neoforged.fml.loading.moddiscovery.ModFile/LOADING]: Loading mod file T:\MyModsCode\saros-fakename.fork\1.21.10 NeoForge\runs\client\.cache\jij\51629231fe2baaddd60d570ef06ada2b2f1fe8a34133e63afdd748b9ef93f9f1\net.neoforged.neoforge-coremods-21.10.64.jar with languages []
[31Dez.2025 21:42:13.805] [ForkJoinPool.commonPool-worker-7/WARN] [net.neoforged.jarjar.selection.JarSelector/]: Attempted to select a dependency jar for JarJar which was passed in as source: library:mixinextras.neoforge. Using jar(C:/Users/saroc/.gradle/caches/modules-2/files-2.1/io.github.llamalad7/mixinextras-neoforge/0.5.0/d734b83ce6542bb70ea31755c1595b88992dbe65/mixinextras-neoforge-0.5.0.jar)
[31Dez.2025 21:42:13.805] [ForkJoinPool.commonPool-worker-7/INFO] [net.neoforged.fml.loading.moddiscovery.locators.JarInJarDependencyLocator/]: Found 1 dependencies adding them to mods collection
[31Dez.2025 21:42:13.807] [ForkJoinPool.commonPool-worker-7/INFO] [net.neoforged.fml.loading.moddiscovery.ModDiscoverer/]: 
     Mod List:
		Name Version (Mod Id)

		Fakename 0.0NONE (fakename)
		Minecraft 1.21.10 (minecraft)
		NeoForge 21.10.64 (neoforge)
[31Dez.2025 21:42:13.809] [fml-loadingscreen/INFO] [net.neoforged.fml.earlydisplay.render.LoadingScreenRenderer/]: GL info: NVIDIA GeForce RTX 5060 Ti/PCIe/SSE2 GL version 3.3.0 NVIDIA 591.59, NVIDIA Corporation
[31Dez.2025 21:42:13.812] [ForkJoinPool.commonPool-worker-7/DEBUG] [net.neoforged.fml.loading.ModSorter/]: Configured system mods: [minecraft, neoforge]
[31Dez.2025 21:42:13.812] [ForkJoinPool.commonPool-worker-7/DEBUG] [net.neoforged.fml.loading.ModSorter/]: Found system mod: minecraft
[31Dez.2025 21:42:13.812] [ForkJoinPool.commonPool-worker-7/DEBUG] [net.neoforged.fml.loading.ModSorter/]: Found system mod: neoforge
[31Dez.2025 21:42:13.815] [ForkJoinPool.commonPool-worker-7/DEBUG] [net.neoforged.fml.loading.ModSorter/LOADING]: Found 2 mod requirements (2 mandatory, 0 optional)
[31Dez.2025 21:42:13.816] [ForkJoinPool.commonPool-worker-7/DEBUG] [net.neoforged.fml.loading.ModSorter/LOADING]: Found 0 mod requirements missing (0 mandatory, 0 optional)
[31Dez.2025 21:42:14.077] [main/INFO] [mixin/]: SpongePowered MIXIN Subsystem Version=0.8.7 Source=file:/C:/Users/saroc/.gradle/caches/modules-2/files-2.1/net.fabricmc/sponge-mixin/0.16.5+mixin.0.8.7/80fc3a9f592673cea87f4cd702f87991c6c9fe4d/sponge-mixin-0.16.5+mixin.0.8.7.jar Service=FML Env=CLIENT
[31Dez.2025 21:42:14.105] [main/DEBUG] [mixin/]: Initialising Mixin Platform Manager
[31Dez.2025 21:42:14.105] [main/DEBUG] [mixin/]: Adding mixin platform agents for container ContainerHandleVirtual(fml:18c85)
[31Dez.2025 21:42:14.106] [main/DEBUG] [mixin/]: Instancing new MixinPlatformAgentDefault for ContainerHandleVirtual(fml:18c85)
[31Dez.2025 21:42:14.107] [main/DEBUG] [mixin/]: MixinPlatformAgentDefault accepted container ContainerHandleVirtual(fml:18c85)
[31Dez.2025 21:42:14.107] [main/DEBUG] [mixin/]: Instancing new MixinPlatformAgentDefault for ContainerHandleVirtual(fml:18c85)
[31Dez.2025 21:42:14.107] [main/DEBUG] [mixin/]: MixinPlatformAgentDefault accepted container ContainerHandleVirtual(fml:18c85)
[31Dez.2025 21:42:14.108] [main/DEBUG] [mixin/]: Processing prepare() for PlatformAgent[MixinPlatformAgentDefault:ContainerHandleVirtual(fml:18c85)]
[31Dez.2025 21:42:14.108] [main/DEBUG] [mixin/]: Processing prepare() for PlatformAgent[MixinPlatformAgentDefault:ContainerHandleVirtual(fml:18c85)]
[31Dez.2025 21:42:14.109] [main/INFO] [net.neoforged.fml.loading.FMLLoader/]: Loading FML Plugins:
[31Dez.2025 21:42:14.109] [main/INFO] [net.neoforged.fml.loading.FMLLoader/]:  - T:/MyModsCode/saros-fakename.fork/1.21.10 NeoForge/.gradle/repositories/ng_dummy_ng/net/neoforged/neoforge/21.10.64/neoforge-21.10.64.jar > net.neoforged.neoforge-coremods-21.10.64.jar
[31Dez.2025 21:42:14.115] [main/DEBUG] [net.neoforged.fml.util.ServiceLoaderUtil/CORE]: Found 2 implementations of IModLanguageLoader:
[31Dez.2025 21:42:14.115] [main/DEBUG] [net.neoforged.fml.util.ServiceLoaderUtil/CORE]: 	net.neoforged.fml.javafmlmod.FMLJavaModLanguageProvider from C:/Users/saroc/.gradle/caches/modules-2/files-2.1/net.neoforged.fancymodloader/loader/10.0.32/ef0364b1413d96932ddf4b4dc4a5660a4d861b5b/loader-10.0.32.jar
[31Dez.2025 21:42:14.116] [main/DEBUG] [net.neoforged.fml.util.ServiceLoaderUtil/CORE]: 	net.neoforged.fml.mclanguageprovider.MinecraftModLanguageProvider from C:/Users/saroc/.gradle/caches/modules-2/files-2.1/net.neoforged.fancymodloader/loader/10.0.32/ef0364b1413d96932ddf4b4dc4a5660a4d861b5b/loader-10.0.32.jar
[31Dez.2025 21:42:14.117] [main/DEBUG] [net.neoforged.fml.loading.LanguageProviderLoader/CORE]: Found language provider javafml, version 10.0
[31Dez.2025 21:42:14.119] [main/DEBUG] [net.neoforged.fml.loading.LanguageProviderLoader/CORE]: Found language provider minecraft, version 10.0
[31Dez.2025 21:42:14.127] [main/DEBUG] [net.neoforged.fml.loading.FMLLoader/]: Adding Access Transformer META-INF/accesstransformer.cfg in composite(filtered(jar(T:/MyModsCode/saros-fakename.fork/1.21.10 NeoForge/.gradle/repositories/ng_dummy_ng/net/neoforged/neoforge/21.10.64/neoforge-21.10.64.jar)))
[31Dez.2025 21:42:14.180] [main/DEBUG] [net.neoforged.fml.loading.FMLLoader/]: Adding Access Transformer META-INF/accesstransformergenerated.cfg in composite(filtered(jar(T:/MyModsCode/saros-fakename.fork/1.21.10 NeoForge/.gradle/repositories/ng_dummy_ng/net/neoforged/neoforge/21.10.64/neoforge-21.10.64.jar)))
[31Dez.2025 21:42:14.207] [main/DEBUG] [net.neoforged.fml.util.ServiceLoaderUtil/CORE]: Found 5 implementations of ClassProcessor:
[31Dez.2025 21:42:14.207] [main/DEBUG] [net.neoforged.fml.util.ServiceLoaderUtil/CORE]: 	[built-in] net.neoforged.fml.common.asm.AccessTransformerService from C:/Users/saroc/.gradle/caches/modules-2/files-2.1/net.neoforged.fancymodloader/loader/10.0.32/ef0364b1413d96932ddf4b4dc4a5660a4d861b5b/loader-10.0.32.jar
[31Dez.2025 21:42:14.208] [main/DEBUG] [net.neoforged.fml.util.ServiceLoaderUtil/CORE]: 	[built-in] net.neoforged.fml.common.asm.enumextension.RuntimeEnumExtender from C:/Users/saroc/.gradle/caches/modules-2/files-2.1/net.neoforged.fancymodloader/loader/10.0.32/ef0364b1413d96932ddf4b4dc4a5660a4d861b5b/loader-10.0.32.jar
[31Dez.2025 21:42:14.209] [main/DEBUG] [net.neoforged.fml.util.ServiceLoaderUtil/CORE]: 	[built-in] net.neoforged.fml.common.asm.SimpleProcessorsGroup from C:/Users/saroc/.gradle/caches/modules-2/files-2.1/net.neoforged.fancymodloader/loader/10.0.32/ef0364b1413d96932ddf4b4dc4a5660a4d861b5b/loader-10.0.32.jar
[31Dez.2025 21:42:14.209] [main/DEBUG] [net.neoforged.fml.util.ServiceLoaderUtil/CORE]: 	[built-in] net.neoforged.fml.loading.moddiscovery.locators.NeoForgeDevDistCleaner from C:/Users/saroc/.gradle/caches/modules-2/files-2.1/net.neoforged.fancymodloader/loader/10.0.32/ef0364b1413d96932ddf4b4dc4a5660a4d861b5b/loader-10.0.32.jar
[31Dez.2025 21:42:14.210] [main/DEBUG] [net.neoforged.fml.util.ServiceLoaderUtil/CORE]: 	[built-in] net.neoforged.fml.loading.mixin.FMLMixinClassProcessor from C:/Users/saroc/.gradle/caches/modules-2/files-2.1/net.neoforged.fancymodloader/loader/10.0.32/ef0364b1413d96932ddf4b4dc4a5660a4d861b5b/loader-10.0.32.jar
[31Dez.2025 21:42:14.214] [main/DEBUG] [net.neoforged.fml.util.ServiceLoaderUtil/CORE]: Found 1 implementations of ClassProcessorProvider:
[31Dez.2025 21:42:14.215] [main/DEBUG] [net.neoforged.fml.util.ServiceLoaderUtil/CORE]: 	net.neoforged.neoforge.coremods.NeoForgeCoreMod from T:/MyModsCode/saros-fakename.fork/1.21.10 NeoForge/.gradle/repositories/ng_dummy_ng/net/neoforged/neoforge/21.10.64/neoforge-21.10.64.jar > net.neoforged.neoforge-coremods-21.10.64.jar
[31Dez.2025 21:42:14.272] [main/DEBUG] [net.neoforged.fml.loading.FMLLoader/]: Masking classpath elements: [T:/MyModsCode/saros-fakename.fork/1.21.10 NeoForge/.gradle/repositories/ng_dummy_ng/net/minecraft/client/1.21.10/client-1.21.10-client-extra.jar, T:/MyModsCode/saros-fakename.fork/1.21.10 NeoForge/.gradle/repositories/ng_dummy_ng/net/neoforged/neoforge/21.10.64/neoforge-21.10.64.jar, T:/MyModsCode/saros-fakename.fork/1.21.10 NeoForge/build/classes/java/main, C:/Users/saroc/.gradle/caches/modules-2/files-2.1/io.github.llamalad7/mixinextras-neoforge/0.5.0/d734b83ce6542bb70ea31755c1595b88992dbe65/mixinextras-neoforge-0.5.0.jar, T:/MyModsCode/saros-fakename.fork/1.21.10 NeoForge/build/resources/main]
[31Dez.2025 21:42:14.286] [main/INFO] [net.neoforged.fml.loading.FMLLoader/]: Building game content classloader:
 - fakename (composite(folder(T:/MyModsCode/saros-fakename.fork/1.21.10 NeoForge/build/resources/main), folder(T:/MyModsCode/saros-fakename.fork/1.21.10 NeoForge/build/classes/java/main)))
 - minecraft (composite(jar(T:/MyModsCode/saros-fakename.fork/1.21.10 NeoForge/.gradle/repositories/ng_dummy_ng/net/minecraft/client/1.21.10/client-1.21.10-client-extra.jar), filtered(jar(T:/MyModsCode/saros-fakename.fork/1.21.10 NeoForge/.gradle/repositories/ng_dummy_ng/net/neoforged/neoforge/21.10.64/neoforge-21.10.64.jar))))
 - mixinextras.neoforge (jar(C:/Users/saroc/.gradle/caches/modules-2/files-2.1/io.github.llamalad7/mixinextras-neoforge/0.5.0/d734b83ce6542bb70ea31755c1595b88992dbe65/mixinextras-neoforge-0.5.0.jar))
 - neoforge (composite(filtered(jar(T:/MyModsCode/saros-fakename.fork/1.21.10 NeoForge/.gradle/repositories/ng_dummy_ng/net/neoforged/neoforge/21.10.64/neoforge-21.10.64.jar))))
 - net.neoforged.fml.generated (empty(VirtualJar/net.neoforged.fml.generated))
[31Dez.2025 21:42:14.299] [main/INFO] [net.neoforged.fml.loading.FMLLoader/]: Built game content classloader in 25ms
[31Dez.2025 21:42:14.382] [main/DEBUG] [mixin/]: Processing launch tasks for PlatformAgent[MixinPlatformAgentDefault:ContainerHandleVirtual(fml:18c85)]
[31Dez.2025 21:42:14.382] [main/DEBUG] [mixin/]: Processing launch tasks for PlatformAgent[MixinPlatformAgentDefault:ContainerHandleVirtual(fml:18c85)]
[31Dez.2025 21:42:14.382] [main/DEBUG] [mixin/]: Adding agents for Mixin Container composite(filtered(jar(T:/MyModsCode/saros-fakename.fork/1.21.10 NeoForge/.gradle/repositories/ng_dummy_ng/net/neoforged/neoforge/21.10.64/neoforge-21.10.64.jar))) > jar(T:/MyModsCode/saros-fakename.fork/1.21.10 NeoForge/.gradle/repositories/ng_dummy_ng/net/neoforged/neoforge/21.10.64/neoforge-21.10.64.jar > net.neoforged.neoforge-coremods-21.10.64.jar)
[31Dez.2025 21:42:14.383] [main/DEBUG] [mixin/]: Adding mixin platform agents for container composite(filtered(jar(T:/MyModsCode/saros-fakename.fork/1.21.10 NeoForge/.gradle/repositories/ng_dummy_ng/net/neoforged/neoforge/21.10.64/neoforge-21.10.64.jar))) > jar(T:/MyModsCode/saros-fakename.fork/1.21.10 NeoForge/.gradle/repositories/ng_dummy_ng/net/neoforged/neoforge/21.10.64/neoforge-21.10.64.jar > net.neoforged.neoforge-coremods-21.10.64.jar)
[31Dez.2025 21:42:14.383] [main/DEBUG] [mixin/]: Instancing new MixinPlatformAgentDefault for composite(filtered(jar(T:/MyModsCode/saros-fakename.fork/1.21.10 NeoForge/.gradle/repositories/ng_dummy_ng/net/neoforged/neoforge/21.10.64/neoforge-21.10.64.jar))) > jar(T:/MyModsCode/saros-fakename.fork/1.21.10 NeoForge/.gradle/repositories/ng_dummy_ng/net/neoforged/neoforge/21.10.64/neoforge-21.10.64.jar > net.neoforged.neoforge-coremods-21.10.64.jar)
[31Dez.2025 21:42:14.383] [main/DEBUG] [mixin/]: MixinPlatformAgentDefault accepted container composite(filtered(jar(T:/MyModsCode/saros-fakename.fork/1.21.10 NeoForge/.gradle/repositories/ng_dummy_ng/net/neoforged/neoforge/21.10.64/neoforge-21.10.64.jar))) > jar(T:/MyModsCode/saros-fakename.fork/1.21.10 NeoForge/.gradle/repositories/ng_dummy_ng/net/neoforged/neoforge/21.10.64/neoforge-21.10.64.jar > net.neoforged.neoforge-coremods-21.10.64.jar)
[31Dez.2025 21:42:14.384] [main/DEBUG] [mixin/]: Instancing new MixinPlatformAgentDefault for composite(filtered(jar(T:/MyModsCode/saros-fakename.fork/1.21.10 NeoForge/.gradle/repositories/ng_dummy_ng/net/neoforged/neoforge/21.10.64/neoforge-21.10.64.jar))) > jar(T:/MyModsCode/saros-fakename.fork/1.21.10 NeoForge/.gradle/repositories/ng_dummy_ng/net/neoforged/neoforge/21.10.64/neoforge-21.10.64.jar > net.neoforged.neoforge-coremods-21.10.64.jar)
[31Dez.2025 21:42:14.384] [main/DEBUG] [mixin/]: MixinPlatformAgentDefault accepted container composite(filtered(jar(T:/MyModsCode/saros-fakename.fork/1.21.10 NeoForge/.gradle/repositories/ng_dummy_ng/net/neoforged/neoforge/21.10.64/neoforge-21.10.64.jar))) > jar(T:/MyModsCode/saros-fakename.fork/1.21.10 NeoForge/.gradle/repositories/ng_dummy_ng/net/neoforged/neoforge/21.10.64/neoforge-21.10.64.jar > net.neoforged.neoforge-coremods-21.10.64.jar)
[31Dez.2025 21:42:14.386] [main/DEBUG] [mixin/]: Processing prepare() for PlatformAgent[MixinPlatformAgentDefault:composite(filtered(jar(T:/MyModsCode/saros-fakename.fork/1.21.10 NeoForge/.gradle/repositories/ng_dummy_ng/net/neoforged/neoforge/21.10.64/neoforge-21.10.64.jar))) > jar(T:/MyModsCode/saros-fakename.fork/1.21.10 NeoForge/.gradle/repositories/ng_dummy_ng/net/neoforged/neoforge/21.10.64/neoforge-21.10.64.jar > net.neoforged.neoforge-coremods-21.10.64.jar)]
[31Dez.2025 21:42:14.387] [main/DEBUG] [mixin/]: Processing prepare() for PlatformAgent[MixinPlatformAgentDefault:composite(filtered(jar(T:/MyModsCode/saros-fakename.fork/1.21.10 NeoForge/.gradle/repositories/ng_dummy_ng/net/neoforged/neoforge/21.10.64/neoforge-21.10.64.jar))) > jar(T:/MyModsCode/saros-fakename.fork/1.21.10 NeoForge/.gradle/repositories/ng_dummy_ng/net/neoforged/neoforge/21.10.64/neoforge-21.10.64.jar > net.neoforged.neoforge-coremods-21.10.64.jar)]
[31Dez.2025 21:42:14.387] [main/DEBUG] [mixin/]: Adding agents for Mixin Container jar(C:/Users/saroc/.gradle/caches/modules-2/files-2.1/io.github.llamalad7/mixinextras-neoforge/0.5.0/d734b83ce6542bb70ea31755c1595b88992dbe65/mixinextras-neoforge-0.5.0.jar)
[31Dez.2025 21:42:14.387] [main/DEBUG] [mixin/]: Adding mixin platform agents for container jar(C:/Users/saroc/.gradle/caches/modules-2/files-2.1/io.github.llamalad7/mixinextras-neoforge/0.5.0/d734b83ce6542bb70ea31755c1595b88992dbe65/mixinextras-neoforge-0.5.0.jar)
[31Dez.2025 21:42:14.387] [main/DEBUG] [mixin/]: Instancing new MixinPlatformAgentDefault for jar(C:/Users/saroc/.gradle/caches/modules-2/files-2.1/io.github.llamalad7/mixinextras-neoforge/0.5.0/d734b83ce6542bb70ea31755c1595b88992dbe65/mixinextras-neoforge-0.5.0.jar)
[31Dez.2025 21:42:14.388] [main/DEBUG] [mixin/]: MixinPlatformAgentDefault accepted container jar(C:/Users/saroc/.gradle/caches/modules-2/files-2.1/io.github.llamalad7/mixinextras-neoforge/0.5.0/d734b83ce6542bb70ea31755c1595b88992dbe65/mixinextras-neoforge-0.5.0.jar)
[31Dez.2025 21:42:14.389] [main/DEBUG] [mixin/]: Instancing new MixinPlatformAgentDefault for jar(C:/Users/saroc/.gradle/caches/modules-2/files-2.1/io.github.llamalad7/mixinextras-neoforge/0.5.0/d734b83ce6542bb70ea31755c1595b88992dbe65/mixinextras-neoforge-0.5.0.jar)
[31Dez.2025 21:42:14.389] [main/DEBUG] [mixin/]: MixinPlatformAgentDefault accepted container jar(C:/Users/saroc/.gradle/caches/modules-2/files-2.1/io.github.llamalad7/mixinextras-neoforge/0.5.0/d734b83ce6542bb70ea31755c1595b88992dbe65/mixinextras-neoforge-0.5.0.jar)
[31Dez.2025 21:42:14.389] [main/DEBUG] [mixin/]: Processing prepare() for PlatformAgent[MixinPlatformAgentDefault:jar(C:/Users/saroc/.gradle/caches/modules-2/files-2.1/io.github.llamalad7/mixinextras-neoforge/0.5.0/d734b83ce6542bb70ea31755c1595b88992dbe65/mixinextras-neoforge-0.5.0.jar)]
[31Dez.2025 21:42:14.389] [main/DEBUG] [mixin/]: Registering mixin config: mixinextras.init.mixins.json source=jar(C:/Users/saroc/.gradle/caches/modules-2/files-2.1/io.github.llamalad7/mixinextras-neoforge/0.5.0/d734b83ce6542bb70ea31755c1595b88992dbe65/mixinextras-neoforge-0.5.0.jar)
[31Dez.2025 21:42:14.393] [main/DEBUG] [mixin/]: Processing prepare() for PlatformAgent[MixinPlatformAgentDefault:jar(C:/Users/saroc/.gradle/caches/modules-2/files-2.1/io.github.llamalad7/mixinextras-neoforge/0.5.0/d734b83ce6542bb70ea31755c1595b88992dbe65/mixinextras-neoforge-0.5.0.jar)]
[31Dez.2025 21:42:14.393] [main/DEBUG] [mixin/]: Registering mixin config: mixinextras.init.mixins.json source=jar(C:/Users/saroc/.gradle/caches/modules-2/files-2.1/io.github.llamalad7/mixinextras-neoforge/0.5.0/d734b83ce6542bb70ea31755c1595b88992dbe65/mixinextras-neoforge-0.5.0.jar)
[31Dez.2025 21:42:14.393] [main/DEBUG] [mixin/]: inject() running with 3 agents
[31Dez.2025 21:42:14.394] [main/DEBUG] [mixin/]: Processing inject() for PlatformAgent[MixinPlatformAgentDefault:ContainerHandleVirtual(fml:18c85)]
[31Dez.2025 21:42:14.394] [main/DEBUG] [mixin/]: Processing inject() for PlatformAgent[MixinPlatformAgentDefault:ContainerHandleVirtual(fml:18c85)]
[31Dez.2025 21:42:14.394] [main/DEBUG] [mixin/]: Processing inject() for PlatformAgent[MixinPlatformAgentDefault:composite(filtered(jar(T:/MyModsCode/saros-fakename.fork/1.21.10 NeoForge/.gradle/repositories/ng_dummy_ng/net/neoforged/neoforge/21.10.64/neoforge-21.10.64.jar))) > jar(T:/MyModsCode/saros-fakename.fork/1.21.10 NeoForge/.gradle/repositories/ng_dummy_ng/net/neoforged/neoforge/21.10.64/neoforge-21.10.64.jar > net.neoforged.neoforge-coremods-21.10.64.jar)]
[31Dez.2025 21:42:14.394] [main/DEBUG] [mixin/]: Processing inject() for PlatformAgent[MixinPlatformAgentDefault:composite(filtered(jar(T:/MyModsCode/saros-fakename.fork/1.21.10 NeoForge/.gradle/repositories/ng_dummy_ng/net/neoforged/neoforge/21.10.64/neoforge-21.10.64.jar))) > jar(T:/MyModsCode/saros-fakename.fork/1.21.10 NeoForge/.gradle/repositories/ng_dummy_ng/net/neoforged/neoforge/21.10.64/neoforge-21.10.64.jar > net.neoforged.neoforge-coremods-21.10.64.jar)]
[31Dez.2025 21:42:14.395] [main/DEBUG] [mixin/]: Processing inject() for PlatformAgent[MixinPlatformAgentDefault:jar(C:/Users/saroc/.gradle/caches/modules-2/files-2.1/io.github.llamalad7/mixinextras-neoforge/0.5.0/d734b83ce6542bb70ea31755c1595b88992dbe65/mixinextras-neoforge-0.5.0.jar)]
[31Dez.2025 21:42:14.396] [main/DEBUG] [mixin/]: Processing inject() for PlatformAgent[MixinPlatformAgentDefault:jar(C:/Users/saroc/.gradle/caches/modules-2/files-2.1/io.github.llamalad7/mixinextras-neoforge/0.5.0/d734b83ce6542bb70ea31755c1595b88992dbe65/mixinextras-neoforge-0.5.0.jar)]
[31Dez.2025 21:42:14.403] [main/DEBUG] [mixin/]: Preparing mixins for MixinEnvironment[DEFAULT]
[31Dez.2025 21:42:14.404] [main/DEBUG] [mixin/]: Selecting config fakename.mixins.json
[31Dez.2025 21:42:14.409] [main/WARN] [mixin/]: Reference map 'fakename.refmap.json' for fakename.mixins.json could not be read. If this is a development environment you can ignore this message
[31Dez.2025 21:42:14.409] [main/DEBUG] [mixin/]: Selecting config neoforge.mixins.json
[31Dez.2025 21:42:14.410] [main/DEBUG] [mixin/]: Selecting config mixinextras.init.mixins.json
[31Dez.2025 21:42:14.484] [main/DEBUG] [MixinExtras|Service/]: com.llamalad7.mixinextras.service.MixinExtrasServiceImpl(version=0.5.0) is taking over from null
[31Dez.2025 21:42:14.520] [main/DEBUG] [mixin/]: Registering new injector for @Inject with org.spongepowered.asm.mixin.injection.struct.CallbackInjectionInfo
[31Dez.2025 21:42:14.521] [main/DEBUG] [mixin/]: Registering new injector for @ModifyArg with org.spongepowered.asm.mixin.injection.struct.ModifyArgInjectionInfo
[31Dez.2025 21:42:14.523] [main/DEBUG] [mixin/]: Registering new injector for @ModifyArgs with org.spongepowered.asm.mixin.injection.struct.ModifyArgsInjectionInfo
[31Dez.2025 21:42:14.524] [main/DEBUG] [mixin/]: Registering new injector for @Redirect with org.spongepowered.asm.mixin.injection.struct.RedirectInjectionInfo
[31Dez.2025 21:42:14.525] [main/DEBUG] [mixin/]: Registering new injector for @ModifyVariable with org.spongepowered.asm.mixin.injection.struct.ModifyVariableInjectionInfo
[31Dez.2025 21:42:14.526] [main/DEBUG] [mixin/]: Registering new injector for @ModifyConstant with org.spongepowered.asm.mixin.injection.struct.ModifyConstantInjectionInfo
[31Dez.2025 21:42:14.534] [main/DEBUG] [mixin/]: Preparing fakename.mixins.json (1)
[31Dez.2025 21:42:14.575] [main/DEBUG] [mixin/]: Preparing neoforge.mixins.json (2)
[31Dez.2025 21:42:14.610] [main/DEBUG] [mixin/]: Preparing mixinextras.init.mixins.json (0)
[31Dez.2025 21:42:14.828] [main/DEBUG] [io.netty.util.internal.logging.InternalLoggerFactory/]: Using SLF4J as the default logging framework
[31Dez.2025 21:42:14.830] [main/DEBUG] [io.netty.util.ResourceLeakDetector/]: -Dio.netty.leakDetection.level: simple
[31Dez.2025 21:42:14.831] [main/DEBUG] [io.netty.util.ResourceLeakDetector/]: -Dio.netty.leakDetection.targetRecords: 4
[31Dez.2025 21:42:15.904] [main/WARN] [oshi.driver.windows.perfmon.PerfmonDisabled/]: Invalid registry value type detected for PerfOS counters. Should be REG_DWORD. Ignoring: HKEY_LOCAL_MACHINE\SYSTEM\CurrentControlSet\Services\PerfOS\Performance\Disable Performance Counters.
[31Dez.2025 21:42:15.953] [pool-8-thread-1/INFO] [MixinExtras|Service/]: Initializing MixinExtras via com.llamalad7.mixinextras.service.MixinExtrasServiceImpl(version=0.5.0).
[31Dez.2025 21:42:15.955] [pool-8-thread-1/DEBUG] [mixin/]: Registering new injector for @SugarWrapper with com.llamalad7.mixinextras.sugar.impl.SugarWrapperInjectionInfo
[31Dez.2025 21:42:15.955] [pool-8-thread-1/DEBUG] [mixin/]: Registering new injector for @FactoryRedirectWrapper with com.llamalad7.mixinextras.wrapper.factory.FactoryRedirectWrapperInjectionInfo
[31Dez.2025 21:42:15.956] [pool-8-thread-1/DEBUG] [mixin/]: Registering new injector for @ExpressionInjectorWrapper with com.llamalad7.mixinextras.expression.impl.wrapper.ExpressionInjectorWrapperInjectionInfo
[31Dez.2025 21:42:15.958] [Datafixer Bootstrap/INFO] [com.mojang.datafixers.DataFixerBuilder/]: 281 Datafixer optimizations took 574 milliseconds
[31Dez.2025 21:42:15.965] [pool-8-thread-1/DEBUG] [mixin/]: Mixing MappedRegistryAccessor from neoforge.mixins.json into net.minecraft.core.MappedRegistry
[31Dez.2025 21:42:16.803] [pool-8-thread-1/DEBUG] [mixin/]: Mixing BlockEntityTypeAccessor from neoforge.mixins.json into net.minecraft.world.level.block.entity.BlockEntityType
[31Dez.2025 21:42:18.180] [pool-8-thread-1/DEBUG] [io.netty.util.internal.PlatformDependent0/]: -Dio.netty.noUnsafe: false
[31Dez.2025 21:42:18.180] [pool-8-thread-1/DEBUG] [io.netty.util.internal.PlatformDependent0/]: Java version: 21
[31Dez.2025 21:42:18.180] [pool-8-thread-1/DEBUG] [io.netty.util.internal.PlatformDependent0/]: sun.misc.Unsafe.theUnsafe: available
[31Dez.2025 21:42:18.180] [pool-8-thread-1/DEBUG] [io.netty.util.internal.PlatformDependent0/]: sun.misc.Unsafe base methods: all available
[31Dez.2025 21:42:18.181] [pool-8-thread-1/DEBUG] [io.netty.util.internal.PlatformDependent0/]: sun.misc.Unsafe.storeFence: available
[31Dez.2025 21:42:18.181] [pool-8-thread-1/DEBUG] [io.netty.util.internal.PlatformDependent0/]: java.nio.Buffer.address: available
[31Dez.2025 21:42:18.182] [pool-8-thread-1/DEBUG] [io.netty.util.internal.PlatformDependent0/]: java.nio.Bits.unaligned: available, true
[31Dez.2025 21:42:18.183] [pool-8-thread-1/DEBUG] [io.netty.util.internal.PlatformDependent0/]: java.nio.DirectByteBuffer.<init>(long, {int,long}): unavailable
[31Dez.2025 21:42:18.183] [pool-8-thread-1/DEBUG] [io.netty.util.internal.PlatformDependent/]: sun.misc.Unsafe: available
[31Dez.2025 21:42:18.183] [pool-8-thread-1/DEBUG] [io.netty.util.internal.PlatformDependent/]: -Dio.netty.tmpdir: C:\Users\saroc\AppData\Local\Temp (java.io.tmpdir)
[31Dez.2025 21:42:18.184] [pool-8-thread-1/DEBUG] [io.netty.util.internal.PlatformDependent/]: -Dio.netty.bitMode: 64 (sun.arch.data.model)
[31Dez.2025 21:42:18.185] [pool-8-thread-1/DEBUG] [io.netty.util.internal.PlatformDependent/]: Platform: Windows
[31Dez.2025 21:42:18.185] [pool-8-thread-1/DEBUG] [io.netty.util.internal.PlatformDependent/]: -Dio.netty.maxDirectMemory: -1 bytes
[31Dez.2025 21:42:18.185] [pool-8-thread-1/DEBUG] [io.netty.util.internal.PlatformDependent/]: -Dio.netty.uninitializedArrayAllocationThreshold: -1
[31Dez.2025 21:42:18.187] [pool-8-thread-1/DEBUG] [io.netty.util.internal.CleanerJava9/]: java.nio.ByteBuffer.cleaner(): available
[31Dez.2025 21:42:18.187] [pool-8-thread-1/DEBUG] [io.netty.util.internal.PlatformDependent/]: -Dio.netty.noPreferDirect: false
[31Dez.2025 21:42:21.295] [main/WARN] [net.minecraft.commands.Commands/]: Ambiguity between arguments [teleport, location] and [teleport, destination] with inputs: [0.1 -0.5 .9, 0 0 0]
[31Dez.2025 21:42:21.299] [main/WARN] [net.minecraft.commands.Commands/]: Ambiguity between arguments [teleport, location] and [teleport, targets] with inputs: [0.1 -0.5 .9, 0 0 0]
[31Dez.2025 21:42:21.306] [main/WARN] [net.minecraft.commands.Commands/]: Ambiguity between arguments [teleport, destination] and [teleport, targets] with inputs: [Player, 0123, @e, dd12be42-52a9-4a91-a8a1-11c01849e498]
[31Dez.2025 21:42:21.307] [main/WARN] [net.minecraft.commands.Commands/]: Ambiguity between arguments [teleport, targets] and [teleport, destination] with inputs: [Player, 0123, dd12be42-52a9-4a91-a8a1-11c01849e498]
[31Dez.2025 21:42:21.308] [main/WARN] [net.minecraft.commands.Commands/]: Ambiguity between arguments [teleport, targets, location] and [teleport, targets, destination] with inputs: [0.1 -0.5 .9, 0 0 0]
[31Dez.2025 21:42:21.310] [main/WARN] [net.minecraft.commands.Commands/]: Ambiguity between arguments [waypoint, modify, waypoint, color, reset] and [waypoint, modify, waypoint, color, color] with inputs: [reset]
[31Dez.2025 21:42:21.337] [main/DEBUG] [net.neoforged.fml.ModWorkManager/LOADING]: Using 12 threads for parallel mod-loading
[31Dez.2025 21:42:21.345] [main/DEBUG] [net.neoforged.fml.javafmlmod.FMLModContainer/LOADING]: Creating FMLModContainer instance for fakename with entrypoints [tschipp.fakename.FakeName]
[31Dez.2025 21:42:21.347] [main/DEBUG] [net.neoforged.fml.javafmlmod.FMLModContainer/LOADING]: Creating FMLModContainer instance for neoforge with entrypoints [net.neoforged.neoforge.common.NeoForgeMod, net.neoforged.neoforge.common.OnlyInWarningsHandler, net.neoforged.neoforge.client.ClientNeoForgeMod]
[31Dez.2025 21:42:21.365] [modloading-worker-0/INFO] [net.neoforged.neoforge.common.NeoForgeMod/NEOFORGE-MOD]: NeoForge mod loading, version 21.10.64, for MC 1.21.10
[31Dez.2025 21:42:21.369] [modloading-worker-0/DEBUG] [net.neoforged.fml.config.ConfigTracker/CONFIG]: Config file fakename-server.toml for fakename tracking
[31Dez.2025 21:42:21.378] [modloading-worker-0/DEBUG] [net.neoforged.fml.config.ConfigTracker/CONFIG]: Config file neoforge-server.toml for neoforge tracking
[31Dez.2025 21:42:21.378] [modloading-worker-0/DEBUG] [net.neoforged.fml.javafmlmod.AutomaticEventSubscriber/LOADING]: Attempting to inject @EventBusSubscriber classes into the eventbus for fakename
[31Dez.2025 21:42:21.379] [modloading-worker-0/DEBUG] [net.neoforged.fml.javafmlmod.AutomaticEventSubscriber/LOADING]: Scanning class tschipp.fakename.FakenameEvents for @SubscribeEvent-annotated methods
[31Dez.2025 21:42:21.379] [modloading-worker-0/DEBUG] [net.neoforged.fml.javafmlmod.AutomaticEventSubscriber/LOADING]: Subscribing method public static void tschipp.fakename.FakenameEvents.onJoinWorld(net.neoforged.neoforge.event.entity.player.PlayerEvent$PlayerLoggedInEvent) to the game event bus
[31Dez.2025 21:42:21.380] [modloading-worker-0/DEBUG] [net.neoforged.fml.config.ConfigTracker/CONFIG]: Config file neoforge-common.toml for neoforge tracking
[31Dez.2025 21:42:21.380] [modloading-worker-0/DEBUG] [net.neoforged.fml.javafmlmod.AutomaticEventSubscriber/LOADING]: Subscribing method public static void tschipp.fakename.FakenameEvents.serverLoad(net.neoforged.neoforge.event.RegisterCommandsEvent) to the game event bus
[31Dez.2025 21:42:21.380] [modloading-worker-0/DEBUG] [net.neoforged.fml.javafmlmod.AutomaticEventSubscriber/LOADING]: Subscribing method public static void tschipp.fakename.FakenameEvents.onClone(net.neoforged.neoforge.event.entity.player.PlayerEvent$Clone) to the game event bus
[31Dez.2025 21:42:21.381] [modloading-worker-0/DEBUG] [net.neoforged.fml.javafmlmod.AutomaticEventSubscriber/LOADING]: Subscribing method public static void tschipp.fakename.FakenameEvents.renderName(net.neoforged.neoforge.event.entity.player.PlayerEvent$NameFormat) to the game event bus
[31Dez.2025 21:42:21.381] [modloading-worker-0/DEBUG] [net.neoforged.fml.javafmlmod.AutomaticEventSubscriber/LOADING]: Subscribing method public static void tschipp.fakename.FakenameEvents.onTracking(net.neoforged.neoforge.event.entity.player.PlayerEvent$StartTracking) to the game event bus
[31Dez.2025 21:42:21.429] [modloading-worker-0/DEBUG] [net.neoforged.fml.config.ConfigTracker/CONFIG]: Config file neoforge-client.toml for neoforge tracking
[31Dez.2025 21:42:21.455] [modloading-worker-0/DEBUG] [net.neoforged.fml.javafmlmod.AutomaticEventSubscriber/LOADING]: Attempting to inject @EventBusSubscriber classes into the eventbus for neoforge
[31Dez.2025 21:42:21.456] [modloading-worker-0/DEBUG] [net.neoforged.fml.javafmlmod.AutomaticEventSubscriber/LOADING]: Scanning class net.neoforged.neoforge.attachment.AttachmentInternals for @SubscribeEvent-annotated methods
[31Dez.2025 21:42:21.458] [modloading-worker-0/DEBUG] [net.neoforged.fml.javafmlmod.AutomaticEventSubscriber/LOADING]: Subscribing method public static void net.neoforged.neoforge.attachment.AttachmentInternals.onLivingConvert(net.neoforged.neoforge.event.entity.living.LivingConversionEvent$Post) to the game event bus
[31Dez.2025 21:42:21.458] [modloading-worker-0/DEBUG] [net.neoforged.fml.javafmlmod.AutomaticEventSubscriber/LOADING]: Subscribing method public static void net.neoforged.neoforge.attachment.AttachmentInternals.onPlayerClone(net.neoforged.neoforge.event.entity.player.PlayerEvent$Clone) to the game event bus
[31Dez.2025 21:42:21.458] [modloading-worker-0/DEBUG] [net.neoforged.fml.javafmlmod.AutomaticEventSubscriber/LOADING]: Scanning class net.neoforged.neoforge.attachment.AttachmentSync for @SubscribeEvent-annotated methods
[31Dez.2025 21:42:21.461] [modloading-worker-0/DEBUG] [net.neoforged.fml.javafmlmod.AutomaticEventSubscriber/LOADING]: Subscribing method public static void net.neoforged.neoforge.attachment.AttachmentSync.onChunkSent(net.neoforged.neoforge.event.level.ChunkWatchEvent$Sent) to the game event bus
[31Dez.2025 21:42:21.461] [modloading-worker-0/DEBUG] [net.neoforged.fml.javafmlmod.AutomaticEventSubscriber/LOADING]: Scanning class net.neoforged.neoforge.client.BlockEntityRenderBoundsDebugRenderer for @SubscribeEvent-annotated methods
[31Dez.2025 21:42:21.463] [modloading-worker-0/DEBUG] [net.neoforged.fml.javafmlmod.AutomaticEventSubscriber/LOADING]: Subscribing method public static void net.neoforged.neoforge.client.BlockEntityRenderBoundsDebugRenderer.onRenderLevelStage(net.neoforged.neoforge.client.event.RenderLevelStageEvent$AfterEntities) to the game event bus
[31Dez.2025 21:42:21.464] [modloading-worker-0/DEBUG] [net.neoforged.fml.javafmlmod.AutomaticEventSubscriber/LOADING]: Subscribing method public static void net.neoforged.neoforge.client.BlockEntityRenderBoundsDebugRenderer.onExtractLevelRenderState(net.neoforged.neoforge.client.event.ExtractLevelRenderStateEvent) to the game event bus
[31Dez.2025 21:42:21.464] [modloading-worker-0/DEBUG] [net.neoforged.fml.javafmlmod.AutomaticEventSubscriber/LOADING]: Subscribing method public static void net.neoforged.neoforge.client.BlockEntityRenderBoundsDebugRenderer.onRegisterClientCommands(net.neoforged.neoforge.client.event.RegisterClientCommandsEvent) to the game event bus
[31Dez.2025 21:42:21.464] [modloading-worker-0/DEBUG] [net.neoforged.fml.javafmlmod.AutomaticEventSubscriber/LOADING]: Scanning class net.neoforged.neoforge.client.NeoForgeRenderPipelines for @SubscribeEvent-annotated methods
[31Dez.2025 21:42:21.479] [modloading-worker-0/DEBUG] [net.neoforged.fml.javafmlmod.AutomaticEventSubscriber/LOADING]: Subscribing method static void net.neoforged.neoforge.client.NeoForgeRenderPipelines.registerPipelines(net.neoforged.neoforge.client.event.RegisterRenderPipelinesEvent) to the event bus of mod neoforge
[31Dez.2025 21:42:21.480] [modloading-worker-0/DEBUG] [net.neoforged.fml.javafmlmod.AutomaticEventSubscriber/LOADING]: Scanning class net.neoforged.neoforge.client.network.ClientPayloadHandler for @SubscribeEvent-annotated methods
[31Dez.2025 21:42:21.492] [modloading-worker-0/DEBUG] [net.neoforged.fml.javafmlmod.AutomaticEventSubscriber/LOADING]: Subscribing method private static void net.neoforged.neoforge.client.network.ClientPayloadHandler.register(net.neoforged.neoforge.client.network.event.RegisterClientPayloadHandlersEvent) to the event bus of mod neoforge
[31Dez.2025 21:42:21.493] [modloading-worker-0/DEBUG] [net.neoforged.fml.javafmlmod.AutomaticEventSubscriber/LOADING]: Scanning class net.neoforged.neoforge.common.MonsterRoomHooks for @SubscribeEvent-annotated methods
[31Dez.2025 21:42:21.493] [modloading-worker-0/DEBUG] [net.neoforged.fml.javafmlmod.AutomaticEventSubscriber/LOADING]: Subscribing method public static void net.neoforged.neoforge.common.MonsterRoomHooks.onDataMapsUpdated(net.neoforged.neoforge.registries.datamaps.DataMapsUpdatedEvent) to the game event bus
[31Dez.2025 21:42:21.493] [modloading-worker-0/DEBUG] [net.neoforged.fml.javafmlmod.AutomaticEventSubscriber/LOADING]: Scanning class net.neoforged.neoforge.model.data.ModelDataManager for @SubscribeEvent-annotated methods
[31Dez.2025 21:42:21.495] [modloading-worker-0/DEBUG] [net.neoforged.fml.javafmlmod.AutomaticEventSubscriber/LOADING]: Subscribing method public static void net.neoforged.neoforge.model.data.ModelDataManager.onChunkUnload(net.neoforged.neoforge.event.level.ChunkEvent$Unload) to the game event bus
[31Dez.2025 21:42:21.495] [modloading-worker-0/DEBUG] [net.neoforged.fml.javafmlmod.AutomaticEventSubscriber/LOADING]: Scanning class net.neoforged.neoforge.network.ConfigurationInitialization for @SubscribeEvent-annotated methods
[31Dez.2025 21:42:21.498] [modloading-worker-0/DEBUG] [net.neoforged.fml.javafmlmod.AutomaticEventSubscriber/LOADING]: Subscribing method private static void net.neoforged.neoforge.network.ConfigurationInitialization.configureModdedClient(net.neoforged.neoforge.network.event.RegisterConfigurationTasksEvent) to the event bus of mod neoforge
[31Dez.2025 21:42:21.498] [modloading-worker-0/DEBUG] [net.neoforged.fml.javafmlmod.AutomaticEventSubscriber/LOADING]: Scanning class net.neoforged.neoforge.network.NetworkInitialization for @SubscribeEvent-annotated methods
[31Dez.2025 21:42:21.498] [modloading-worker-0/DEBUG] [net.neoforged.fml.javafmlmod.AutomaticEventSubscriber/LOADING]: Subscribing method private static void net.neoforged.neoforge.network.NetworkInitialization.register(net.neoforged.neoforge.network.event.RegisterPayloadHandlersEvent) to the event bus of mod neoforge
[31Dez.2025 21:42:21.499] [modloading-worker-0/DEBUG] [net.neoforged.fml.javafmlmod.AutomaticEventSubscriber/LOADING]: Scanning class net.neoforged.neoforge.network.filters.GenericPacketSplitter for @SubscribeEvent-annotated methods
[31Dez.2025 21:42:21.522] [modloading-worker-0/DEBUG] [io.netty.buffer.AbstractByteBuf/]: -Dio.netty.buffer.checkAccessible: true
[31Dez.2025 21:42:21.522] [modloading-worker-0/DEBUG] [io.netty.buffer.AbstractByteBuf/]: -Dio.netty.buffer.checkBounds: true
[31Dez.2025 21:42:21.523] [modloading-worker-0/DEBUG] [io.netty.util.ResourceLeakDetectorFactory/]: Loaded default ResourceLeakDetector: io.netty.util.ResourceLeakDetector@570d3433
[31Dez.2025 21:42:21.529] [modloading-worker-0/DEBUG] [io.netty.util.internal.InternalThreadLocalMap/]: -Dio.netty.threadLocalMap.stringBuilder.initialSize: 1024
[31Dez.2025 21:42:21.529] [modloading-worker-0/DEBUG] [io.netty.util.internal.InternalThreadLocalMap/]: -Dio.netty.threadLocalMap.stringBuilder.maxSize: 4096
[31Dez.2025 21:42:21.532] [modloading-worker-0/DEBUG] [io.netty.buffer.PooledByteBufAllocator/]: -Dio.netty.allocator.numHeapArenas: 24
[31Dez.2025 21:42:21.532] [modloading-worker-0/DEBUG] [io.netty.buffer.PooledByteBufAllocator/]: -Dio.netty.allocator.numDirectArenas: 24
[31Dez.2025 21:42:21.532] [modloading-worker-0/DEBUG] [io.netty.buffer.PooledByteBufAllocator/]: -Dio.netty.allocator.pageSize: 8192
[31Dez.2025 21:42:21.532] [modloading-worker-0/DEBUG] [io.netty.buffer.PooledByteBufAllocator/]: -Dio.netty.allocator.maxOrder: 9
[31Dez.2025 21:42:21.532] [modloading-worker-0/DEBUG] [io.netty.buffer.PooledByteBufAllocator/]: -Dio.netty.allocator.chunkSize: 4194304
[31Dez.2025 21:42:21.532] [modloading-worker-0/DEBUG] [io.netty.buffer.PooledByteBufAllocator/]: -Dio.netty.allocator.smallCacheSize: 256
[31Dez.2025 21:42:21.532] [modloading-worker-0/DEBUG] [io.netty.buffer.PooledByteBufAllocator/]: -Dio.netty.allocator.normalCacheSize: 64
[31Dez.2025 21:42:21.532] [modloading-worker-0/DEBUG] [io.netty.buffer.PooledByteBufAllocator/]: -Dio.netty.allocator.maxCachedBufferCapacity: 32768
[31Dez.2025 21:42:21.532] [modloading-worker-0/DEBUG] [io.netty.buffer.PooledByteBufAllocator/]: -Dio.netty.allocator.cacheTrimInterval: 8192
[31Dez.2025 21:42:21.532] [modloading-worker-0/DEBUG] [io.netty.buffer.PooledByteBufAllocator/]: -Dio.netty.allocator.cacheTrimIntervalMillis: 0
[31Dez.2025 21:42:21.532] [modloading-worker-0/DEBUG] [io.netty.buffer.PooledByteBufAllocator/]: -Dio.netty.allocator.useCacheForAllThreads: false
[31Dez.2025 21:42:21.532] [modloading-worker-0/DEBUG] [io.netty.buffer.PooledByteBufAllocator/]: -Dio.netty.allocator.maxCachedByteBuffersPerChunk: 1023
[31Dez.2025 21:42:21.532] [modloading-worker-0/DEBUG] [io.netty.buffer.PooledByteBufAllocator/]: -Dio.netty.allocator.disableCacheFinalizersForFastThreadLocalThreads: false
[31Dez.2025 21:42:21.539] [modloading-worker-0/DEBUG] [io.netty.buffer.ByteBufUtil/]: -Dio.netty.allocator.type: pooled
[31Dez.2025 21:42:21.539] [modloading-worker-0/DEBUG] [io.netty.buffer.ByteBufUtil/]: -Dio.netty.threadLocalDirectBufferSize: 0
[31Dez.2025 21:42:21.539] [modloading-worker-0/DEBUG] [io.netty.buffer.ByteBufUtil/]: -Dio.netty.maxThreadLocalCharBufferSize: 16384
[31Dez.2025 21:42:21.544] [modloading-worker-0/DEBUG] [net.neoforged.fml.javafmlmod.AutomaticEventSubscriber/LOADING]: Subscribing method private static void net.neoforged.neoforge.network.filters.GenericPacketSplitter.register(net.neoforged.neoforge.network.event.RegisterPayloadHandlersEvent) to the event bus of mod neoforge
[31Dez.2025 21:42:21.675] [modloading-sync-worker/DEBUG] [net.neoforged.fml.config.ConfigTracker/CONFIG]: Loading configs type CLIENT
[31Dez.2025 21:42:21.690] [modloading-sync-worker/DEBUG] [net.neoforged.neoforge.common.NeoForgeMod/FORGEMOD]: Loaded NeoForge config file neoforge-client.toml
[31Dez.2025 21:42:21.691] [modloading-sync-worker/DEBUG] [net.neoforged.fml.config.ConfigTracker/CONFIG]: Loaded TOML config file T:\MyModsCode\saros-fakename.fork\1.21.10 NeoForge\runs\client\config\neoforge-client.toml
[31Dez.2025 21:42:21.700] [modloading-sync-worker/DEBUG] [net.neoforged.fml.config.ConfigTracker/CONFIG]: Watching TOML config file T:\MyModsCode\saros-fakename.fork\1.21.10 NeoForge\runs\client\config\neoforge-client.toml for changes
[31Dez.2025 21:42:21.700] [modloading-sync-worker/DEBUG] [net.neoforged.fml.config.ConfigTracker/CONFIG]: Loading configs type COMMON
[31Dez.2025 21:42:21.704] [modloading-sync-worker/DEBUG] [net.neoforged.neoforge.common.NeoForgeMod/FORGEMOD]: Loaded NeoForge config file neoforge-common.toml
[31Dez.2025 21:42:21.704] [modloading-sync-worker/DEBUG] [net.neoforged.fml.config.ConfigTracker/CONFIG]: Loaded TOML config file T:\MyModsCode\saros-fakename.fork\1.21.10 NeoForge\runs\client\config\neoforge-common.toml
[31Dez.2025 21:42:21.705] [modloading-sync-worker/DEBUG] [net.neoforged.fml.config.ConfigTracker/CONFIG]: Watching TOML config file T:\MyModsCode\saros-fakename.fork\1.21.10 NeoForge\runs\client\config\neoforge-common.toml for changes
[31Dez.2025 21:42:21.947] [Render thread/INFO] [com.mojang.authlib.yggdrasil.YggdrasilAuthenticationService/]: Environment: Environment[sessionHost=https://sessionserver.mojang.com, servicesHost=https://api.minecraftservices.com, profilesHost=https://api.mojang.com, name=PROD]
[31Dez.2025 21:42:21.960] [Render thread/INFO] [net.minecraft.client.Minecraft/]: Setting user: Dev
[31Dez.2025 21:42:22.032] [Render thread/INFO] [net.minecraft.client.Minecraft/]: Backend library: LWJGL version 3.3.3+5
[31Dez.2025 21:42:22.154] [Render thread/INFO] [net.minecraft.client.Minecraft/]: Using optional rendering extensions: GL_ARB_buffer_storage, GL_KHR_debug, GL_ARB_vertex_attrib_binding, GL_ARB_direct_state_access
[31Dez.2025 21:42:22.308] [Render thread/ERROR] [net.minecraft.server.packs.AbstractPackResources/]: Couldn't load mod/fakename pack metadata: Pack declares support for version newer than 64, but is missing mandatory fields min_format and max_format
[31Dez.2025 21:42:22.780] [Render thread/INFO] [net.minecraft.server.packs.resources.ReloadableResourceManager/]: Reloading ResourceManager: vanilla, mod_resources, mod/fakename, mod/neoforge
[31Dez.2025 21:42:22.927] [Render thread/DEBUG] [net.neoforged.fml.DeferredWorkQueue/LOADING]: Dispatching synchronous work for work queue Common setup: 1 jobs
[31Dez.2025 21:42:22.928] [Render thread/DEBUG] [net.neoforged.fml.DeferredWorkQueue/LOADING]: Synchronous work queue completed in 601.7 μs
[31Dez.2025 21:42:22.984] [resourceLoad/INFO] [net.minecraft.client.gui.font.providers.UnihexProvider/]: Found unifont_pua-16.0.03.hex, loading
[31Dez.2025 21:42:22.985] [resourceLoad/INFO] [net.minecraft.client.gui.font.providers.UnihexProvider/]: Found unifont_all_no_pua-16.0.03.hex, loading
[31Dez.2025 21:42:23.115] [resourceLoad/INFO] [net.minecraft.client.gui.font.providers.UnihexProvider/]: Found unifont_jp_patch-16.0.03.hex, loading
[31Dez.2025 21:42:23.940] [Render thread/INFO] [com.mojang.blaze3d.audio.Library/]: OpenAL initialized on device OpenAL Soft on Realtek HD Audio 2nd output (Realtek(R) Audio)
[31Dez.2025 21:42:23.941] [Render thread/INFO] [net.minecraft.client.sounds.SoundEngine/SOUNDS]: Sound engine started
[31Dez.2025 21:42:23.941] [Render thread/INFO] [net.minecraft.client.renderer.texture.TextureAtlas/]: Created: 512x256x0 minecraft:textures/atlas/particles.png-atlas
[31Dez.2025 21:42:23.944] [Render thread/INFO] [net.minecraft.client.renderer.texture.TextureAtlas/]: Created: 128x64x0 minecraft:textures/atlas/decorated_pot.png-atlas
[31Dez.2025 21:42:23.944] [Render thread/INFO] [net.minecraft.client.renderer.texture.TextureAtlas/]: Created: 2048x1024x0 minecraft:textures/atlas/armor_trims.png-atlas
[31Dez.2025 21:42:23.946] [Render thread/INFO] [net.minecraft.client.renderer.texture.TextureAtlas/]: Created: 512x256x0 minecraft:textures/atlas/paintings.png-atlas
[31Dez.2025 21:42:23.948] [Render thread/INFO] [net.minecraft.client.renderer.texture.TextureAtlas/]: Created: 512x512x0 minecraft:textures/atlas/shield_patterns.png-atlas
[31Dez.2025 21:42:23.949] [Render thread/INFO] [net.minecraft.client.renderer.texture.TextureAtlas/]: Created: 1024x512x4 minecraft:textures/atlas/blocks.png-atlas
[31Dez.2025 21:42:23.954] [Render thread/INFO] [net.minecraft.client.renderer.texture.TextureAtlas/]: Created: 512x256x0 minecraft:textures/atlas/chest.png-atlas
[31Dez.2025 21:42:23.957] [Render thread/INFO] [net.minecraft.client.renderer.texture.TextureAtlas/]: Created: 512x512x0 minecraft:textures/atlas/banner_patterns.png-atlas
[31Dez.2025 21:42:23.957] [Render thread/INFO] [net.minecraft.client.renderer.texture.TextureAtlas/]: Created: 512x256x0 minecraft:textures/atlas/beds.png-atlas
[31Dez.2025 21:42:23.958] [Render thread/INFO] [net.minecraft.client.renderer.texture.TextureAtlas/]: Created: 1024x512x0 minecraft:textures/atlas/gui.png-atlas
[31Dez.2025 21:42:23.959] [Render thread/INFO] [net.minecraft.client.renderer.texture.TextureAtlas/]: Created: 64x64x0 minecraft:textures/atlas/map_decorations.png-atlas
[31Dez.2025 21:42:23.960] [Render thread/INFO] [net.minecraft.client.renderer.texture.TextureAtlas/]: Created: 256x256x0 minecraft:textures/atlas/signs.png-atlas
[31Dez.2025 21:42:23.960] [Render thread/INFO] [net.minecraft.client.renderer.texture.TextureAtlas/]: Created: 512x256x0 minecraft:textures/atlas/shulker_boxes.png-atlas
[31Dez.2025 21:42:24.043] [Render thread/INFO] [net.neoforged.neoforge.client.entity.animation.json.AnimationLoader/]: Loaded 0 entity animations
[31Dez.2025 21:42:24.149] [Render thread/DEBUG] [net.neoforged.fml.classloading.transformation.ClassTransformStatistics/]: Transformed/total loaded classes: 395/6982 (5,66%) and 7 parsed for mixin
[31Dez.2025 21:42:35.550] [Render thread/WARN] [net.minecraft.server.MinecraftServer/]: Missing data pack tests
[31Dez.2025 21:42:36.416] [Render thread/INFO] [net.minecraft.world.item.crafting.RecipeManager/]: Loaded 1461 recipes
[31Dez.2025 21:42:36.425] [Render thread/INFO] [net.minecraft.advancements.AdvancementTree/]: Loaded 1574 advancements
[31Dez.2025 21:42:36.427] [Render thread/INFO] [net.neoforged.neoforge.common.crafting.RecipePriorityManager/]: Loaded 0 recipe priority overrides
[31Dez.2025 21:42:37.962] [Render thread/DEBUG] [net.neoforged.neoforge.common.CommonHooks/WP]: Gathered mod list to write to world save New World
[31Dez.2025 21:42:38.011] [Server thread/INFO] [net.minecraft.client.server.IntegratedServer/]: Starting integrated minecraft server version 1.21.10
[31Dez.2025 21:42:38.012] [Server thread/INFO] [net.minecraft.server.MinecraftServer/]: Generating keypair
[31Dez.2025 21:42:38.070] [Server thread/DEBUG] [net.neoforged.fml.config.ConfigTracker/CONFIG]: Loading configs type SERVER
[31Dez.2025 21:42:38.073] [Server thread/DEBUG] [net.neoforged.fml.config.ConfigTracker/CONFIG]: Loaded TOML config file T:\MyModsCode\saros-fakename.fork\1.21.10 NeoForge\runs\client\config\fakename-server.toml
[31Dez.2025 21:42:38.073] [Server thread/DEBUG] [net.neoforged.fml.config.ConfigTracker/CONFIG]: Watching TOML config file T:\MyModsCode\saros-fakename.fork\1.21.10 NeoForge\runs\client\config\fakename-server.toml for changes
[31Dez.2025 21:42:38.074] [Server thread/DEBUG] [net.neoforged.neoforge.common.NeoForgeMod/FORGEMOD]: Loaded NeoForge config file neoforge-server.toml
[31Dez.2025 21:42:38.074] [Server thread/DEBUG] [net.neoforged.fml.config.ConfigTracker/CONFIG]: Loaded TOML config file T:\MyModsCode\saros-fakename.fork\1.21.10 NeoForge\runs\client\config\neoforge-server.toml
[31Dez.2025 21:42:38.075] [Server thread/DEBUG] [net.neoforged.fml.config.ConfigTracker/CONFIG]: Watching TOML config file T:\MyModsCode\saros-fakename.fork\1.21.10 NeoForge\runs\client\config\neoforge-server.toml for changes
[31Dez.2025 21:42:38.262] [Server thread/INFO] [net.minecraft.server.level.progress.LoggingLevelLoadListener/]: Selecting global world spawn...
[31Dez.2025 21:42:40.398] [Server thread/INFO] [net.minecraft.server.level.progress.LoggingLevelLoadListener/]: Loading 0 persistent chunks...
[31Dez.2025 21:42:40.398] [Server thread/INFO] [net.minecraft.server.level.progress.LoggingLevelLoadListener/]: Preparing spawn area: 16%
[31Dez.2025 21:42:40.401] [Server thread/INFO] [net.neoforged.neoforge.server.permission.PermissionAPI/]: Successfully initialized permission handler neoforge:default_handler
[31Dez.2025 21:42:40.480] [Render thread/DEBUG] [io.netty.channel.MultithreadEventLoopGroup/]: -Dio.netty.eventLoopThreads: 24
[31Dez.2025 21:42:40.486] [Render thread/DEBUG] [io.netty.util.concurrent.GlobalEventExecutor/]: -Dio.netty.globalEventExecutor.quietPeriodSeconds: 1
[31Dez.2025 21:42:40.493] [Render thread/DEBUG] [io.netty.channel.nio.NioEventLoop/]: -Dio.netty.noKeySetOptimization: false
[31Dez.2025 21:42:40.493] [Render thread/DEBUG] [io.netty.channel.nio.NioEventLoop/]: -Dio.netty.selectorAutoRebuildThreshold: 512
[31Dez.2025 21:42:40.497] [Render thread/DEBUG] [io.netty.util.internal.PlatformDependent/]: org.jctools-core.MpscChunkedArrayQueue: available
[31Dez.2025 21:42:40.520] [Render thread/DEBUG] [io.netty.channel.DefaultChannelId/]: -Dio.netty.processId: 36264 (auto-detected)
[31Dez.2025 21:42:40.520] [Render thread/DEBUG] [io.netty.util.NetUtil/]: -Djava.net.preferIPv4Stack: false
[31Dez.2025 21:42:40.520] [Render thread/DEBUG] [io.netty.util.NetUtil/]: -Djava.net.preferIPv6Addresses: system
[31Dez.2025 21:42:40.523] [Render thread/DEBUG] [io.netty.util.NetUtilInitializations/]: Loopback interface: loopback_0 (Software Loopback Interface 1, 0:0:0:0:0:0:0:1)
[31Dez.2025 21:42:40.523] [Render thread/DEBUG] [io.netty.util.NetUtil/]: Failed to get SOMAXCONN from sysctl and file \proc\sys\net\core\somaxconn. Default: 200
[31Dez.2025 21:42:40.523] [Render thread/DEBUG] [io.netty.channel.DefaultChannelId/]: -Dio.netty.machineId: 10:ff:e0:ff:fe:cc:fa:e9 (auto-detected)
[31Dez.2025 21:42:40.533] [Render thread/DEBUG] [io.netty.bootstrap.ChannelInitializerExtensions/]: -Dio.netty.bootstrap.extensions: null
[31Dez.2025 21:42:40.567] [Render thread/DEBUG] [io.netty.util.Recycler/]: -Dio.netty.recycler.maxCapacityPerThread: 4096
[31Dez.2025 21:42:40.567] [Render thread/DEBUG] [io.netty.util.Recycler/]: -Dio.netty.recycler.ratio: 8
[31Dez.2025 21:42:40.567] [Render thread/DEBUG] [io.netty.util.Recycler/]: -Dio.netty.recycler.chunkSize: 32
[31Dez.2025 21:42:40.567] [Render thread/DEBUG] [io.netty.util.Recycler/]: -Dio.netty.recycler.blocking: false
[31Dez.2025 21:42:40.567] [Render thread/DEBUG] [io.netty.util.Recycler/]: -Dio.netty.recycler.batchFastThreadLocalOnly: true
[31Dez.2025 21:42:40.648] [Netty Server IO #1/DEBUG] [net.neoforged.neoforge.network.filters.NetworkFilters/]: Injected net.neoforged.neoforge.network.filters.GenericPacketSplitter@6f66b041 into net.minecraft.network.Connection@2bbbfa89
[31Dez.2025 21:42:40.650] [Netty Local Client IO #0/DEBUG] [net.neoforged.neoforge.network.filters.NetworkFilters/]: Injected net.neoforged.neoforge.network.filters.GenericPacketSplitter@16a70878 into net.minecraft.network.Connection@68cdf54e
[31Dez.2025 21:42:41.011] [Server thread/INFO] [net.minecraft.server.level.progress.LoggingLevelLoadListener/]: Loading 47 chunks for player spawn...
[31Dez.2025 21:42:41.011] [Server thread/INFO] [net.minecraft.server.level.progress.LoggingLevelLoadListener/]: Preparing spawn area: 16%
[31Dez.2025 21:42:41.054] [Server thread/INFO] [net.minecraft.server.level.progress.LoggingLevelLoadListener/]: Preparing spawn area: 16%
[31Dez.2025 21:42:41.103] [Server thread/INFO] [net.minecraft.server.level.progress.LoggingLevelLoadListener/]: Preparing spawn area: 16%
[31Dez.2025 21:42:41.153] [Server thread/INFO] [net.minecraft.server.level.progress.LoggingLevelLoadListener/]: Preparing spawn area: 16%
[31Dez.2025 21:42:41.203] [Server thread/INFO] [net.minecraft.server.level.progress.LoggingLevelLoadListener/]: Preparing spawn area: 16%
[31Dez.2025 21:42:41.304] [Server thread/INFO] [net.minecraft.server.level.progress.LoggingLevelLoadListener/]: Preparing spawn area: 16%
[31Dez.2025 21:42:41.803] [Server thread/INFO] [net.minecraft.server.level.progress.LoggingLevelLoadListener/]: Preparing spawn area: 29%
[31Dez.2025 21:42:42.303] [Server thread/INFO] [net.minecraft.server.level.progress.LoggingLevelLoadListener/]: Preparing spawn area: 57%
[31Dez.2025 21:42:42.353] [Server thread/INFO] [net.minecraft.server.level.progress.LoggingLevelLoadListener/]: Time elapsed: 4091 ms
[31Dez.2025 21:42:42.503] [Netty Server IO #1/DEBUG] [net.neoforged.neoforge.network.filters.NetworkFilters/]: Injected net.neoforged.neoforge.network.filters.GenericPacketSplitter@64c2123d into net.minecraft.network.Connection@2bbbfa89
[31Dez.2025 21:42:42.544] [Server thread/INFO] [net.minecraft.server.players.PlayerList/]: Dev[local:E:ca2a824f] logged in with entity id 56 at (-27.5, 87.0, 42.5)
[31Dez.2025 21:42:42.556] [Server thread/DEBUG] [net.neoforged.neoforge.common.CommonHooks/]: Sending 0 recipes of the following types: []
[31Dez.2025 21:42:42.595] [Server thread/INFO] [net.minecraft.server.MinecraftServer/]: Dev joined the game
[31Dez.2025 21:42:42.630] [Render thread/WARN] [net.minecraft.client.multiplayer.ClientPacketListener/]: Ignoring chat session from Dev due to missing Services public key
[31Dez.2025 21:42:42.658] [Render thread/INFO] [net.minecraft.client.renderer.DynamicUniformStorage/]: Resizing Dynamic Transforms UBO, capacity limit of 2 reached during a single frame. New capacity will be 4.
[31Dez.2025 21:42:42.688] [Render thread/INFO] [net.minecraft.client.renderer.DynamicUniformStorage/]: Resizing Dynamic Transforms UBO, capacity limit of 4 reached during a single frame. New capacity will be 8.
[31Dez.2025 21:42:42.689] [Server thread/INFO] [net.minecraft.client.server.IntegratedServer/]: Changing view distance to 12, from 10
[31Dez.2025 21:42:42.690] [Server thread/INFO] [net.minecraft.client.server.IntegratedServer/]: Changing simulation distance to 12, from 0
[31Dez.2025 21:42:42.698] [Render thread/INFO] [net.minecraft.advancements.AdvancementTree/]: Loaded 2 advancements
[31Dez.2025 21:42:42.739] [Render thread/INFO] [net.minecraft.client.renderer.DynamicUniformStorage/]: Resizing Dynamic Transforms UBO, capacity limit of 8 reached during a single frame. New capacity will be 16.
[31Dez.2025 21:42:42.862] [Render thread/INFO] [net.minecraft.client.renderer.DynamicUniformStorage/]: Resizing Dynamic Transforms UBO, capacity limit of 16 reached during a single frame. New capacity will be 32.
[31Dez.2025 21:42:42.932] [Render thread/INFO] [net.minecraft.client.renderer.DynamicUniformStorage/]: Resizing Dynamic Transforms UBO, capacity limit of 32 reached during a single frame. New capacity will be 64.
[31Dez.2025 21:42:43.853] [Render thread/INFO] [net.minecraft.client.renderer.DynamicUniformStorage/]: Resizing Dynamic Transforms UBO, capacity limit of 64 reached during a single frame. New capacity will be 128.
[31Dez.2025 21:42:45.052] [Render thread/INFO] [net.minecraft.client.renderer.DynamicUniformStorage/]: Resizing Dynamic Transforms UBO, capacity limit of 128 reached during a single frame. New capacity will be 256.
[31Dez.2025 21:42:46.340] [Render thread/INFO] [net.minecraft.client.renderer.DynamicUniformStorage/]: Resizing Dynamic Transforms UBO, capacity limit of 256 reached during a single frame. New capacity will be 512.
[31Dez.2025 21:42:48.820] [Render thread/INFO] [net.minecraft.client.renderer.DynamicUniformStorage/]: Resizing Dynamic Transforms UBO, capacity limit of 512 reached during a single frame. New capacity will be 1024.
[31Dez.2025 21:42:54.621] [Render thread/INFO] [net.minecraft.client.renderer.DynamicUniformStorage/]: Resizing Dynamic Transforms UBO, capacity limit of 1024 reached during a single frame. New capacity will be 2048.
[31Dez.2025 21:43:00.902] [Render thread/INFO] [net.minecraft.client.gui.components.ChatComponent/]: [System] [CHAT] Dev's name is now 12
[31Dez.2025 21:43:01.912] [Server thread/INFO] [net.minecraft.server.MinecraftServer/]: [Not Secure] <12> test
[31Dez.2025 21:43:01.918] [Render thread/INFO] [net.minecraft.client.gui.components.ChatComponent/]: [CHAT] <12> test
[31Dez.2025 21:43:02.734] [Render thread/DEBUG] [net.neoforged.fml.classloading.transformation.ClassTransformStatistics/]: Transformed/total loaded classes: 436/8806 (4,95%) and 7 parsed for mixin
[31Dez.2025 21:43:02.750] [Render thread/INFO] [net.minecraft.client.Minecraft/]: Stopping!
[31Dez.2025 21:43:02.762] [Server thread/INFO] [net.minecraft.server.network.ServerGamePacketListenerImpl/]: Dev lost connection: Disconnected
[31Dez.2025 21:43:02.762] [Server thread/INFO] [net.minecraft.server.MinecraftServer/]: 12 left the game
[31Dez.2025 21:43:02.779] [Server thread/INFO] [net.minecraft.server.network.ServerCommonPacketListenerImpl/]: Stopping singleplayer server as player logged out
[31Dez.2025 21:43:02.803] [Server thread/INFO] [net.minecraft.server.MinecraftServer/]: Stopping server
[31Dez.2025 21:43:02.803] [Server thread/INFO] [net.minecraft.server.MinecraftServer/]: Saving players
[31Dez.2025 21:43:02.803] [Server thread/INFO] [net.minecraft.server.MinecraftServer/]: Saving worlds
[31Dez.2025 21:43:04.351] [Server thread/INFO] [net.minecraft.server.MinecraftServer/]: Saving chunks for level 'ServerLevel[New World]'/minecraft:overworld
[31Dez.2025 21:43:04.649] [Server thread/INFO] [net.minecraft.server.MinecraftServer/]: Saving chunks for level 'ServerLevel[New World]'/minecraft:the_end
[31Dez.2025 21:43:04.655] [Server thread/INFO] [net.minecraft.server.MinecraftServer/]: Saving chunks for level 'ServerLevel[New World]'/minecraft:the_nether
[31Dez.2025 21:43:04.664] [Server thread/DEBUG] [net.neoforged.neoforge.common.CommonHooks/WP]: Gathered mod list to write to world save New World
[31Dez.2025 21:43:04.667] [Server thread/INFO] [net.minecraft.server.MinecraftServer/]: ThreadedAnvilChunkStorage (New World): All chunks are saved
[31Dez.2025 21:43:04.667] [Server thread/INFO] [net.minecraft.server.MinecraftServer/]: ThreadedAnvilChunkStorage (DIM1): All chunks are saved
[31Dez.2025 21:43:04.667] [Server thread/INFO] [net.minecraft.server.MinecraftServer/]: ThreadedAnvilChunkStorage (DIM-1): All chunks are saved
[31Dez.2025 21:43:04.667] [Server thread/INFO] [net.minecraft.server.MinecraftServer/]: ThreadedAnvilChunkStorage: All dimensions are saved
[31Dez.2025 21:43:04.690] [Server thread/DEBUG] [net.neoforged.fml.config.ConfigTracker/CONFIG]: Unloading configs type SERVER
