[31Dez.2025 21:42:12.915] [main/INFO] [net.neoforged.fml.startup.Entrypoint/]: JVM Uptime at startup: 109ms
[31Dez.2025 21:42:12.928] [main/INFO] [net.neoforged.fml.loading.FMLLoader/]: Starting FancyModLoader version 10.0.32 (CLIENT in DEV)
[31Dez.2025 21:42:12.929] [main/INFO] [net.neoforged.fml.loading.FMLLoader/]: Game directory: T:\MyModsCode\saros-fakename.fork\1.21.10 NeoForge\runs\client
[31Dez.2025 21:42:12.981] [main/INFO] [net.neoforged.fml.loading.EarlyServiceDiscovery/]: Found 2 early service jars (out of 118) in 23ms
[31Dez.2025 21:42:12.982] [main/INFO] [net.neoforged.fml.loading.FMLLoader/]: Loading FML Early Services:
[31Dez.2025 21:42:12.983] [main/INFO] [net.neoforged.fml.loading.FMLLoader/]:  - C:/Users/saroc/.gradle/caches/modules-2/files-2.1/net.neoforged.fancymodloader/loader/10.0.32/ef0364b1413d96932ddf4b4dc4a5660a4d861b5b/loader-10.0.32.jar
[31Dez.2025 21:42:12.983] [main/INFO] [net.neoforged.fml.loading.FMLLoader/]:  - C:/Users/saroc/.gradle/caches/modules-2/files-2.1/net.neoforged.fancymodloader/earlydisplay/10.0.32/1ca2e62504996c417c19e740513f8d09b880359e/earlydisplay-10.0.32.jar
[31Dez.2025 21:42:12.989] [main/INFO] [net.neoforged.fml.loading.ImmediateWindowHandler/]: Loading ImmediateWindowProvider fmlearlywindow
[31Dez.2025 21:42:13.453] [ForkJoinPool.commonPool-worker-7/INFO] [net.neoforged.fml.loading.moddiscovery.locators.GameLocator/]: Detected a joined NeoForge and Minecraft configuration. Applying filtering...
[31Dez.2025 21:42:13.637] [ForkJoinPool.commonPool-worker-7/INFO] [net.neoforged.fml.loading.moddiscovery.locators.InDevFolderLocator/CORE]: Got mod coordinates fakename%%T:\MyModsCode\saros-fakename.fork\1.21.10 NeoForge\build\resources\main;fakename%%T:\MyModsCode\saros-fakename.fork\1.21.10 NeoForge\build\classes\java\main from env
[31Dez.2025 21:42:13.805] [ForkJoinPool.commonPool-worker-7/WARN] [net.neoforged.jarjar.selection.JarSelector/]: Attempted to select a dependency jar for JarJar which was passed in as source: library:mixinextras.neoforge. Using jar(C:/Users/saroc/.gradle/caches/modules-2/files-2.1/io.github.llamalad7/mixinextras-neoforge/0.5.0/d734b83ce6542bb70ea31755c1595b88992dbe65/mixinextras-neoforge-0.5.0.jar)
[31Dez.2025 21:42:13.805] [ForkJoinPool.commonPool-worker-7/INFO] [net.neoforged.fml.loading.moddiscovery.locators.JarInJarDependencyLocator/]: Found 1 dependencies adding them to mods collection
[31Dez.2025 21:42:13.807] [ForkJoinPool.commonPool-worker-7/INFO] [net.neoforged.fml.loading.moddiscovery.ModDiscoverer/]: 
     Mod List:
		Name Version (Mod Id)

		Fakename 0.0NONE (fakename)
		Minecraft 1.21.10 (minecraft)
		NeoForge 21.10.64 (neoforge)
[31Dez.2025 21:42:13.809] [fml-loadingscreen/INFO] [net.neoforged.fml.earlydisplay.render.LoadingScreenRenderer/]: GL info: NVIDIA GeForce RTX 5060 Ti/PCIe/SSE2 GL version 3.3.0 NVIDIA 591.59, NVIDIA Corporation
[31Dez.2025 21:42:14.077] [main/INFO] [mixin/]: SpongePowered MIXIN Subsystem Version=0.8.7 Source=file:/C:/Users/saroc/.gradle/caches/modules-2/files-2.1/net.fabricmc/sponge-mixin/0.16.5+mixin.0.8.7/80fc3a9f592673cea87f4cd702f87991c6c9fe4d/sponge-mixin-0.16.5+mixin.0.8.7.jar Service=FML Env=CLIENT
[31Dez.2025 21:42:14.109] [main/INFO] [net.neoforged.fml.loading.FMLLoader/]: Loading FML Plugins:
[31Dez.2025 21:42:14.109] [main/INFO] [net.neoforged.fml.loading.FMLLoader/]:  - T:/MyModsCode/saros-fakename.fork/1.21.10 NeoForge/.gradle/repositories/ng_dummy_ng/net/neoforged/neoforge/21.10.64/neoforge-21.10.64.jar > net.neoforged.neoforge-coremods-21.10.64.jar
[31Dez.2025 21:42:14.286] [main/INFO] [net.neoforged.fml.loading.FMLLoader/]: Building game content classloader:
 - fakename (composite(folder(T:/MyModsCode/saros-fakename.fork/1.21.10 NeoForge/build/resources/main), folder(T:/MyModsCode/saros-fakename.fork/1.21.10 NeoForge/build/classes/java/main)))
 - minecraft (composite(jar(T:/MyModsCode/saros-fakename.fork/1.21.10 NeoForge/.gradle/repositories/ng_dummy_ng/net/minecraft/client/1.21.10/client-1.21.10-client-extra.jar), filtered(jar(T:/MyModsCode/saros-fakename.fork/1.21.10 NeoForge/.gradle/repositories/ng_dummy_ng/net/neoforged/neoforge/21.10.64/neoforge-21.10.64.jar))))
 - mixinextras.neoforge (jar(C:/Users/saroc/.gradle/caches/modules-2/files-2.1/io.github.llamalad7/mixinextras-neoforge/0.5.0/d734b83ce6542bb70ea31755c1595b88992dbe65/mixinextras-neoforge-0.5.0.jar))
 - neoforge (composite(filtered(jar(T:/MyModsCode/saros-fakename.fork/1.21.10 NeoForge/.gradle/repositories/ng_dummy_ng/net/neoforged/neoforge/21.10.64/neoforge-21.10.64.jar))))
 - net.neoforged.fml.generated (empty(VirtualJar/net.neoforged.fml.generated))
[31Dez.2025 21:42:14.299] [main/INFO] [net.neoforged.fml.loading.FMLLoader/]: Built game content classloader in 25ms
[31Dez.2025 21:42:14.409] [main/WARN] [mixin/]: Reference map 'fakename.refmap.json' for fakename.mixins.json could not be read. If this is a development environment you can ignore this message
[31Dez.2025 21:42:15.904] [main/WARN] [oshi.driver.windows.perfmon.PerfmonDisabled/]: Invalid registry value type detected for PerfOS counters. Should be REG_DWORD. Ignoring: HKEY_LOCAL_MACHINE\SYSTEM\CurrentControlSet\Services\PerfOS\Performance\Disable Performance Counters.
[31Dez.2025 21:42:15.953] [pool-8-thread-1/INFO] [MixinExtras|Service/]: Initializing MixinExtras via com.llamalad7.mixinextras.service.MixinExtrasServiceImpl(version=0.5.0).
[31Dez.2025 21:42:15.958] [Datafixer Bootstrap/INFO] [com.mojang.datafixers.DataFixerBuilder/]: 281 Datafixer optimizations took 574 milliseconds
[31Dez.2025 21:42:21.295] [main/WARN] [net.minecraft.commands.Commands/]: Ambiguity between arguments [teleport, location] and [teleport, destination] with inputs: [0.1 -0.5 .9, 0 0 0]
[31Dez.2025 21:42:21.299] [main/WARN] [net.minecraft.commands.Commands/]: Ambiguity between arguments [teleport, location] and [teleport, targets] with inputs: [0.1 -0.5 .9, 0 0 0]
[31Dez.2025 21:42:21.306] [main/WARN] [net.minecraft.commands.Commands/]: Ambiguity between arguments [teleport, destination] and [teleport, targets] with inputs: [Player, 0123, @e, dd12be42-52a9-4a91-a8a1-11c01849e498]
[31Dez.2025 21:42:21.307] [main/WARN] [net.minecraft.commands.Commands/]: Ambiguity between arguments [teleport, targets] and [teleport, destination] with inputs: [Player, 0123, dd12be42-52a9-4a91-a8a1-11c01849e498]
[31Dez.2025 21:42:21.308] [main/WARN] [net.minecraft.commands.Commands/]: Ambiguity between arguments [teleport, targets, location] and [teleport, targets, destination] with inputs: [0.1 -0.5 .9, 0 0 0]
[31Dez.2025 21:42:21.310] [main/WARN] [net.minecraft.commands.Commands/]: Ambiguity between arguments [waypoint, modify, waypoint, color, reset] and [waypoint, modify, waypoint, color, color] with inputs: [reset]
[31Dez.2025 21:42:21.365] [modloading-worker-0/INFO] [net.neoforged.neoforge.common.NeoForgeMod/NEOFORGE-MOD]: NeoForge mod loading, version 21.10.64, for MC 1.21.10
[31Dez.2025 21:42:21.947] [Render thread/INFO] [com.mojang.authlib.yggdrasil.YggdrasilAuthenticationService/]: Environment: Environment[sessionHost=https://sessionserver.mojang.com, servicesHost=https://api.minecraftservices.com, profilesHost=https://api.mojang.com, name=PROD]
[31Dez.2025 21:42:21.960] [Render thread/INFO] [net.minecraft.client.Minecraft/]: Setting user: Dev
[31Dez.2025 21:42:22.032] [Render thread/INFO] [net.minecraft.client.Minecraft/]: Backend library: LWJGL version 3.3.3+5
[31Dez.2025 21:42:22.154] [Render thread/INFO] [net.minecraft.client.Minecraft/]: Using optional rendering extensions: GL_ARB_buffer_storage, GL_KHR_debug, GL_ARB_vertex_attrib_binding, GL_ARB_direct_state_access
[31Dez.2025 21:42:22.308] [Render thread/ERROR] [net.minecraft.server.packs.AbstractPackResources/]: Couldn't load mod/fakename pack metadata: Pack declares support for version newer than 64, but is missing mandatory fields min_format and max_format
[31Dez.2025 21:42:22.780] [Render thread/INFO] [net.minecraft.server.packs.resources.ReloadableResourceManager/]: Reloading ResourceManager: vanilla, mod_resources, mod/fakename, mod/neoforge
[31Dez.2025 21:42:22.984] [resourceLoad/INFO] [net.minecraft.client.gui.font.providers.UnihexProvider/]: Found unifont_pua-16.0.03.hex, loading
[31Dez.2025 21:42:22.985] [resourceLoad/INFO] [net.minecraft.client.gui.font.providers.UnihexProvider/]: Found unifont_all_no_pua-16.0.03.hex, loading
[31Dez.2025 21:42:23.115] [resourceLoad/INFO] [net.minecraft.client.gui.font.providers.UnihexProvider/]: Found unifont_jp_patch-16.0.03.hex, loading
[31Dez.2025 21:42:23.940] [Render thread/INFO] [com.mojang.blaze3d.audio.Library/]: OpenAL initialized on device OpenAL Soft on Realtek HD Audio 2nd output (Realtek(R) Audio)
[31Dez.2025 21:42:23.941] [Render thread/INFO] [net.minecraft.client.sounds.SoundEngine/SOUNDS]: Sound engine started
[31Dez.2025 21:42:23.941] [Render thread/INFO] [net.minecraft.client.renderer.texture.TextureAtlas/]: Created: 512x256x0 minecraft:textures/atlas/particles.png-atlas
[31Dez.2025 21:42:23.944] [Render thread/INFO] [net.minecraft.client.renderer.texture.TextureAtlas/]: Created: 128x64x0 minecraft:textures/atlas/decorated_pot.png-atlas
[31Dez.2025 21:42:23.944] [Render thread/INFO] [net.minecraft.client.renderer.texture.TextureAtlas/]: Created: 2048x1024x0 minecraft:textures/atlas/armor_trims.png-atlas
[31Dez.2025 21:42:23.946] [Render thread/INFO] [net.minecraft.client.renderer.texture.TextureAtlas/]: Created: 512x256x0 minecraft:textures/atlas/paintings.png-atlas
[31Dez.2025 21:42:23.948] [Render thread/INFO] [net.minecraft.client.renderer.texture.TextureAtlas/]: Created: 512x512x0 minecraft:textures/atlas/shield_patterns.png-atlas
[31Dez.2025 21:42:23.949] [Render thread/INFO] [net.minecraft.client.renderer.texture.TextureAtlas/]: Created: 1024x512x4 minecraft:textures/atlas/blocks.png-atlas
[31Dez.2025 21:42:23.954] [Render thread/INFO] [net.minecraft.client.renderer.texture.TextureAtlas/]: Created: 512x256x0 minecraft:textures/atlas/chest.png-atlas
[31Dez.2025 21:42:23.957] [Render thread/INFO] [net.minecraft.client.renderer.texture.TextureAtlas/]: Created: 512x512x0 minecraft:textures/atlas/banner_patterns.png-atlas
[31Dez.2025 21:42:23.957] [Render thread/INFO] [net.minecraft.client.renderer.texture.TextureAtlas/]: Created: 512x256x0 minecraft:textures/atlas/beds.png-atlas
[31Dez.2025 21:42:23.958] [Render thread/INFO] [net.minecraft.client.renderer.texture.TextureAtlas/]: Created: 1024x512x0 minecraft:textures/atlas/gui.png-atlas
[31Dez.2025 21:42:23.959] [Render thread/INFO] [net.minecraft.client.renderer.texture.TextureAtlas/]: Created: 64x64x0 minecraft:textures/atlas/map_decorations.png-atlas
[31Dez.2025 21:42:23.960] [Render thread/INFO] [net.minecraft.client.renderer.texture.TextureAtlas/]: Created: 256x256x0 minecraft:textures/atlas/signs.png-atlas
[31Dez.2025 21:42:23.960] [Render thread/INFO] [net.minecraft.client.renderer.texture.TextureAtlas/]: Created: 512x256x0 minecraft:textures/atlas/shulker_boxes.png-atlas
[31Dez.2025 21:42:24.043] [Render thread/INFO] [net.neoforged.neoforge.client.entity.animation.json.AnimationLoader/]: Loaded 0 entity animations
[31Dez.2025 21:42:35.550] [Render thread/WARN] [net.minecraft.server.MinecraftServer/]: Missing data pack tests
[31Dez.2025 21:42:36.416] [Render thread/INFO] [net.minecraft.world.item.crafting.RecipeManager/]: Loaded 1461 recipes
[31Dez.2025 21:42:36.425] [Render thread/INFO] [net.minecraft.advancements.AdvancementTree/]: Loaded 1574 advancements
[31Dez.2025 21:42:36.427] [Render thread/INFO] [net.neoforged.neoforge.common.crafting.RecipePriorityManager/]: Loaded 0 recipe priority overrides
[31Dez.2025 21:42:38.011] [Server thread/INFO] [net.minecraft.client.server.IntegratedServer/]: Starting integrated minecraft server version 1.21.10
[31Dez.2025 21:42:38.012] [Server thread/INFO] [net.minecraft.server.MinecraftServer/]: Generating keypair
[31Dez.2025 21:42:38.262] [Server thread/INFO] [net.minecraft.server.level.progress.LoggingLevelLoadListener/]: Selecting global world spawn...
[31Dez.2025 21:42:40.398] [Server thread/INFO] [net.minecraft.server.level.progress.LoggingLevelLoadListener/]: Loading 0 persistent chunks...
[31Dez.2025 21:42:40.398] [Server thread/INFO] [net.minecraft.server.level.progress.LoggingLevelLoadListener/]: Preparing spawn area: 16%
[31Dez.2025 21:42:40.401] [Server thread/INFO] [net.neoforged.neoforge.server.permission.PermissionAPI/]: Successfully initialized permission handler neoforge:default_handler
[31Dez.2025 21:42:41.011] [Server thread/INFO] [net.minecraft.server.level.progress.LoggingLevelLoadListener/]: Loading 47 chunks for player spawn...
[31Dez.2025 21:42:41.011] [Server thread/INFO] [net.minecraft.server.level.progress.LoggingLevelLoadListener/]: Preparing spawn area: 16%
[31Dez.2025 21:42:41.054] [Server thread/INFO] [net.minecraft.server.level.progress.LoggingLevelLoadListener/]: Preparing spawn area: 16%
[31Dez.2025 21:42:41.103] [Server thread/INFO] [net.minecraft.server.level.progress.LoggingLevelLoadListener/]: Preparing spawn area: 16%
[31Dez.2025 21:42:41.153] [Server thread/INFO] [net.minecraft.server.level.progress.LoggingLevelLoadListener/]: Preparing spawn area: 16%
[31Dez.2025 21:42:41.203] [Server thread/INFO] [net.minecraft.server.level.progress.LoggingLevelLoadListener/]: Preparing spawn area: 16%
[31Dez.2025 21:42:41.304] [Server thread/INFO] [net.minecraft.server.level.progress.LoggingLevelLoadListener/]: Preparing spawn area: 16%
[31Dez.2025 21:42:41.803] [Server thread/INFO] [net.minecraft.server.level.progress.LoggingLevelLoadListener/]: Preparing spawn area: 29%
[31Dez.2025 21:42:42.303] [Server thread/INFO] [net.minecraft.server.level.progress.LoggingLevelLoadListener/]: Preparing spawn area: 57%
[31Dez.2025 21:42:42.353] [Server thread/INFO] [net.minecraft.server.level.progress.LoggingLevelLoadListener/]: Time elapsed: 4091 ms
[31Dez.2025 21:42:42.544] [Server thread/INFO] [net.minecraft.server.players.PlayerList/]: Dev[local:E:ca2a824f] logged in with entity id 56 at (-27.5, 87.0, 42.5)
[31Dez.2025 21:42:42.595] [Server thread/INFO] [net.minecraft.server.MinecraftServer/]: Dev joined the game
[31Dez.2025 21:42:42.630] [Render thread/WARN] [net.minecraft.client.multiplayer.ClientPacketListener/]: Ignoring chat session from Dev due to missing Services public key
[31Dez.2025 21:42:42.658] [Render thread/INFO] [net.minecraft.client.renderer.DynamicUniformStorage/]: Resizing Dynamic Transforms UBO, capacity limit of 2 reached during a single frame. New capacity will be 4.
[31Dez.2025 21:42:42.688] [Render thread/INFO] [net.minecraft.client.renderer.DynamicUniformStorage/]: Resizing Dynamic Transforms UBO, capacity limit of 4 reached during a single frame. New capacity will be 8.
[31Dez.2025 21:42:42.689] [Server thread/INFO] [net.minecraft.client.server.IntegratedServer/]: Changing view distance to 12, from 10
[31Dez.2025 21:42:42.690] [Server thread/INFO] [net.minecraft.client.server.IntegratedServer/]: Changing simulation distance to 12, from 0
[31Dez.2025 21:42:42.698] [Render thread/INFO] [net.minecraft.advancements.AdvancementTree/]: Loaded 2 advancements
[31Dez.2025 21:42:42.739] [Render thread/INFO] [net.minecraft.client.renderer.DynamicUniformStorage/]: Resizing Dynamic Transforms UBO, capacity limit of 8 reached during a single frame. New capacity will be 16.
[31Dez.2025 21:42:42.862] [Render thread/INFO] [net.minecraft.client.renderer.DynamicUniformStorage/]: Resizing Dynamic Transforms UBO, capacity limit of 16 reached during a single frame. New capacity will be 32.
[31Dez.2025 21:42:42.932] [Render thread/INFO] [net.minecraft.client.renderer.DynamicUniformStorage/]: Resizing Dynamic Transforms UBO, capacity limit of 32 reached during a single frame. New capacity will be 64.
[31Dez.2025 21:42:43.853] [Render thread/INFO] [net.minecraft.client.renderer.DynamicUniformStorage/]: Resizing Dynamic Transforms UBO, capacity limit of 64 reached during a single frame. New capacity will be 128.
[31Dez.2025 21:42:45.052] [Render thread/INFO] [net.minecraft.client.renderer.DynamicUniformStorage/]: Resizing Dynamic Transforms UBO, capacity limit of 128 reached during a single frame. New capacity will be 256.
[31Dez.2025 21:42:46.340] [Render thread/INFO] [net.minecraft.client.renderer.DynamicUniformStorage/]: Resizing Dynamic Transforms UBO, capacity limit of 256 reached during a single frame. New capacity will be 512.
[31Dez.2025 21:42:48.820] [Render thread/INFO] [net.minecraft.client.renderer.DynamicUniformStorage/]: Resizing Dynamic Transforms UBO, capacity limit of 512 reached during a single frame. New capacity will be 1024.
[31Dez.2025 21:42:54.621] [Render thread/INFO] [net.minecraft.client.renderer.DynamicUniformStorage/]: Resizing Dynamic Transforms UBO, capacity limit of 1024 reached during a single frame. New capacity will be 2048.
[31Dez.2025 21:43:00.902] [Render thread/INFO] [net.minecraft.client.gui.components.ChatComponent/]: [System] [CHAT] Dev's name is now 12
[31Dez.2025 21:43:01.912] [Server thread/INFO] [net.minecraft.server.MinecraftServer/]: [Not Secure] <12> test
[31Dez.2025 21:43:01.918] [Render thread/INFO] [net.minecraft.client.gui.components.ChatComponent/]: [CHAT] <12> test
[31Dez.2025 21:43:02.750] [Render thread/INFO] [net.minecraft.client.Minecraft/]: Stopping!
[31Dez.2025 21:43:02.762] [Server thread/INFO] [net.minecraft.server.network.ServerGamePacketListenerImpl/]: Dev lost connection: Disconnected
[31Dez.2025 21:43:02.762] [Server thread/INFO] [net.minecraft.server.MinecraftServer/]: 12 left the game
[31Dez.2025 21:43:02.779] [Server thread/INFO] [net.minecraft.server.network.ServerCommonPacketListenerImpl/]: Stopping singleplayer server as player logged out
[31Dez.2025 21:43:02.803] [Server thread/INFO] [net.minecraft.server.MinecraftServer/]: Stopping server
[31Dez.2025 21:43:02.803] [Server thread/INFO] [net.minecraft.server.MinecraftServer/]: Saving players
[31Dez.2025 21:43:02.803] [Server thread/INFO] [net.minecraft.server.MinecraftServer/]: Saving worlds
[31Dez.2025 21:43:04.351] [Server thread/INFO] [net.minecraft.server.MinecraftServer/]: Saving chunks for level 'ServerLevel[New World]'/minecraft:overworld
[31Dez.2025 21:43:04.649] [Server thread/INFO] [net.minecraft.server.MinecraftServer/]: Saving chunks for level 'ServerLevel[New World]'/minecraft:the_end
[31Dez.2025 21:43:04.655] [Server thread/INFO] [net.minecraft.server.MinecraftServer/]: Saving chunks for level 'ServerLevel[New World]'/minecraft:the_nether
[31Dez.2025 21:43:04.667] [Server thread/INFO] [net.minecraft.server.MinecraftServer/]: ThreadedAnvilChunkStorage (New World): All chunks are saved
[31Dez.2025 21:43:04.667] [Server thread/INFO] [net.minecraft.server.MinecraftServer/]: ThreadedAnvilChunkStorage (DIM1): All chunks are saved
[31Dez.2025 21:43:04.667] [Server thread/INFO] [net.minecraft.server.MinecraftServer/]: ThreadedAnvilChunkStorage (DIM-1): All chunks are saved
[31Dez.2025 21:43:04.667] [Server thread/INFO] [net.minecraft.server.MinecraftServer/]: ThreadedAnvilChunkStorage: All dimensions are saved
